2026-05-19T20:34:49 exception: Failed to open "/home/eshion/.config/mpd/mpdstate": No such file or directory
2026-05-19T20:34:49 update: added 1/APT.flac
2026-05-19T20:34:49 update: added 1/小金jojo - 声音 (DJ版).mp3
2026-05-19T20:34:49 update: added 1/Psy - 江南style.flac
2026-05-19T20:34:49 update: added 1/小苹果 - 筷子兄弟.flac
2026-05-19T20:34:49 update: added 2/放手2024（DJ版） - 薇哥Vear.flac
2026-05-19T20:34:49 update: added 2/壮志在我胸 (DJ京仔版) - 半吨兄弟.flac
2026-05-19T20:34:49 update: added 2/诺言 (Dj豪大大版) - 洋澜一.flac
2026-05-19T20:34:49 update: added 2/再度重相逢 (DJ何友版) - 郭有才.flac
2026-05-19T20:34:49 update: added 2/恋曲1990 (DJ版) - 王小宁.flac
2026-05-19T20:34:49 update: added 2/Lendo Calendo (DJ版) - Various Artists.flac
2026-05-19T20:34:49 update: added 2/逃之夭夭 (DJheap九天版) - 张禾禾.flac
2026-05-19T20:34:49 update: added 2/壮志在我胸 (DJ豪大大版) - 高跷妹.flac
2026-05-19T20:34:49 update: added 2/你在他乡还好吗（DJ阿远版） - 庄妮.flac
2026-05-19T20:34:49 update: added 2/最美的情缘 (DJ默涵版) - 魏新雨.flac
2026-05-19T20:34:49 update: added 2/画心（DJ版） - 池鱼.flac
2026-05-19T20:34:49 update: added 2/男朋友 (remix- 刘紫玲) (Remix) - DJ大金、DJ伟然.flac
2026-05-19T20:34:49 update: added 2/离别开出花（DJ弹唱版） - 就是南方凯、DJHZ.flac
2026-05-19T20:34:49 update: added 2/男朋友 (remix- 丢丢) (Remix) - DJ大金.flac
2026-05-19T20:34:49 update: added 2/最美的情缘 (DJ小鱼儿版) - 魏新雨.flac
2026-05-19T20:34:49 update: added 2/诺言 (DJ版) - 魏佳艺.flac
2026-05-19T20:34:49 update: added 2/秋风吹起 (DJ热舞版) - 清唯.flac
2026-05-19T20:34:49 update: added 2/小模样 (Dj伟然版) - 关东阿宝.flac
2026-05-19T20:34:49 update: added 2/别为难自己 (DJ默涵版) - 欧阳尚尚.flac
2026-05-19T20:34:49 update: added 2/漫步人生路 (莫叫语版) - 莫叫姐姐.flac
2026-05-19T20:34:49 update: added 2/作酒 (DJ默涵版) - 豆包.flac
2026-05-19T20:34:49 update: added 2/三两三 (DJ默涵版) - 凌丰.flac
2026-05-19T20:34:49 config: option "device" on line 21 was not recognized
2026-05-19T20:34:49 update: added 2/诺言 (DJ阿智版) - 花姐.flac
2026-05-19T20:34:49 update: added 2/我爱的人你别碰 (男版DJ默涵版) - 刘晓超.flac
2026-05-19T20:34:49 update: added 2/Lendo calendo (DJ版) - 耳朵超市.flac
2026-05-19T20:34:49 update: added 2/Hero Tonight (抖音原版) - 心兮、群星、华语群星、DJ.flac
2026-05-19T20:34:49 update: added 2/别为难自己 (哈市DJ小海版) - 洋澜一.flac
2026-05-19T20:34:49 update: added 2/我爱的人你别碰 (DJ默涵版) - 小玟子.flac
2026-05-19T20:34:49 update: added 2/每一步 (DJ) - 流浪痞子.flac
2026-05-19T20:34:49 update: added 2/往事只能回味 (DJ默涵Remix) - 韩宝仪.flac
2026-05-19T20:34:49 update: added 2/女儿情 (DJ版) - 一半心.flac
2026-05-19T20:34:49 update: added 2/再度重相逢 (DJ阿卓版) - 香子.flac
2026-05-19T20:34:49 update: added 2/壮志在我胸 (DJ版) - 鹏鹏音乐.flac
2026-05-19T20:34:49 update: added 2/漫步人生路 (DJ版) - 王嘉文.flac
2026-05-19T20:34:49 update: added 2/诺言 (DJ默涵版) - 吉萍.flac
2026-05-19T20:34:49 update: added 2/你的样子 (DJheap九天版) - 格格.flac
2026-05-19T20:34:49 update: added 2/诺言 (DJ默涵版) - 花姐.flac
2026-05-19T20:34:49 update: added 2/风来听风雨来听雨 (DJ Eva版) - 黄静美.flac
2026-05-19T20:34:49 update: added 2/情路弯弯 (dj阿远版) - 李三妹.flac
2026-05-19T20:34:49 update: added 2/秋风吹起 (DJ德朋新版) - 洋澜一.flac
2026-05-19T20:34:49 update: added 2/人间半途 (DJ阿卓版) - 刘阳阳.flac
2026-05-19T20:34:49 update: added 2/Lendo Calendo (DJ小鱼儿 Radio edit) - DJ小鱼儿.flac
2026-05-19T20:34:49 update: added 2/轻轻的告诉你 (抖音DJ原声版) - MC梦桐.flac
2026-05-19T20:34:49 update: added 2/千年等一回 (DJ版) - 何友.flac
2026-05-19T20:34:49 update: added 2/三两三 (DJ版) - 久儿红.flac
2026-05-19T20:34:49 update: added 2/最美的情缘 (DJ九零版) - 王韵.flac
2026-05-19T20:34:49 update: added 2/在他乡 (DJR7版) - 汪六六.flac
2026-05-19T20:34:49 update: added 2/风来听风雨来听雨 (DJ小桐版) - 黄静美.flac
2026-05-19T20:34:49 update: added 2/出卖我 (Dj版) - 程响.flac
2026-05-19T20:34:49 update: added 2/往事只能回味 (DJ烟嗓版) - 3秒超市.flac
2026-05-19T20:34:49 update: added 2/又见山里红(DJ默涵版) - 孙艺琪.flac
2026-05-19T20:34:49 update: added 2/喝醉以后才明白 (DJ版) - 胡蒎.flac
2026-05-19T20:34:49 update: added 2/出卖我 (DJ版) - Dj年仔.flac
2026-05-19T20:34:49 update: added 2/在他乡 (DJ沈念) - 七叔（叶泽浩）.flac
2026-05-19T20:34:49 update: added 2/姑娘别哭泣 (DJ豪大大版) - 柯柯柯啊.flac
2026-05-19T20:34:49 update: added 2/一曲相思 (DJ版) - 夏婉安.flac
2026-05-19T20:34:49 update: added 2/诺言 (DJ锋仔版) - 花姐.flac
2026-05-19T20:34:49 update: added 2/壮志在我胸 (DJ京仔版) - 桑甜.flac
2026-05-19T20:34:49 update: added 2/爱的暴风雨 (DJ 霄霄粤语版) - 梦涵.flac
2026-05-19T20:34:49 update: added 2/恋曲1990 (DJ默涵版) - 吉萍.flac
2026-05-19T20:34:49 update: added 2/漫步人生路 (DJ版) - 德唯奇.flac
2026-05-19T20:34:49 update: added 2/最美的情缘 (DJ默涵版) - 葛漂亮.flac
2026-05-19T20:34:49 update: added 2/真情永不变 (dj光音坊版) - 花姐.flac
2026-05-19T20:34:49 update: added 2/三两三 (DJ版) - 苏谭谭.flac
2026-05-19T20:34:49 update: added 2/千年等一回 (DJ博白Dj陈sir版) - 博白Dj陈sir.flac
2026-05-19T20:34:49 update: added 2/最美的情缘 (DJ何鹏版) - 魏新雨.flac
2026-05-19T20:34:49 update: added 2/诺言 (DJ豪大大版) - 花姐.flac
2026-05-19T20:34:49 update: added 2/万物生 (电子木鱼) - ss.沧川.flac
2026-05-19T20:34:49 update: added 2/画心 (DJ版) - 于春洋.flac
2026-05-19T20:34:49 update: added 2/再度重相逢 (DJ版) - 蓝兰.flac
2026-05-19T20:34:49 update: added 2/声音 (cover- 彭健新) - 小金JoJo.flac
2026-05-19T20:34:49 update: added 80/一千个伤心的理由 - 张学友.flac
2026-05-19T20:34:49 update: added 80/一生所爱 - 卢冠廷.mp3
2026-05-19T20:34:49 update: added 80/一生所爱 - 卢冠廷、莫文蔚.flac
2026-05-19T20:34:49 update: added 80/万芳 - 新不了情.flac
2026-05-19T20:34:49 update: added 80/中国人 - 刘德华.flac
2026-05-19T20:34:49 update: added 80/为你我受冷风吹 - 林忆莲.flac
2026-05-19T20:34:49 update: added 80/为爱痴狂 - 刘若英.flac
2026-05-19T20:34:49 update: added 80/九百九十九朵玫瑰 - 邰正宵.flac
2026-05-19T20:34:49 update: added 80/伤心1999 - 王杰.flac
2026-05-19T20:34:49 update: added 80/伤心太平洋 - 任贤齐.flac
2026-05-19T20:34:49 update: added 80/你的柔情我永远不懂 - 陈琳.flac
2026-05-19T20:34:49 update: added 80/刀剑如梦 - 周华健.flac
2026-05-19T20:34:49 update: added 80/单身情歌 - 林志炫.flac
2026-05-19T20:34:49 update: added 80/同桌的你 - 老狼.flac
2026-05-19T20:34:49 update: added 80/后来 - 刘若英.flac
2026-05-19T20:34:49 update: added 80/听海 - 张惠妹.flac
2026-05-19T20:34:49 update: added 80/吻别 - 张学友.flac
2026-05-19T20:34:49 update: added 80/囚鸟 - 彭羚.flac
2026-05-19T20:34:49 update: added 80/因为爱所以爱 - 谢霆锋.flac
2026-05-19T20:34:49 update: added 80/天涯 - 任贤齐.flac
2026-05-19T20:34:49 update: added 80/小芳 - 李春波.flac
2026-05-19T20:34:49 update: added 80/常回家看看 - 陈红.flac
2026-05-19T20:34:49 update: added 80/张信哲 - 爱如潮水.flac
2026-05-19T20:34:49 update: added 80/当 - 动力火车.flac
2026-05-19T20:34:49 update: added 80/心太软 - 任贤齐.flac
2026-05-19T20:34:49 update: added 80/心雨 - 毛宁、杨钰莹.flac
2026-05-19T20:34:49 update: added 80/忘了你 忘了我 - 王杰.flac
2026-05-19T20:34:49 update: added 80/忘情水 - 刘德华.flac
2026-05-19T20:34:49 update: added 80/懂你 - 满文军.flac
2026-05-19T20:34:49 update: added 80/挪威的森林 - 伍佰.flac
2026-05-19T20:34:49 update: added 80/曲终人散 - 张宇.flac
2026-05-19T20:34:49 update: added 80/最熟悉的陌生人 - 萧亚轩.flac
2026-05-19T20:34:49 update: added 80/月亮惹的祸 - 张宇.flac
2026-05-19T20:34:49 update: added 80/有多少爱可以重来 - 迪克牛仔.flac
2026-05-19T20:34:49 update: added 80/朋友别哭 - 吕方.flac
2026-05-19T20:34:49 update: added 80/梦里水乡 - 江珊.flac
2026-05-19T20:34:49 update: added 80/浪人情歌 - 伍佰.flac
2026-05-19T20:34:49 update: added 80/海阔天空 - BEYOND.flac
2026-05-19T20:34:49 update: added 80/涛声依旧 - 毛宁.flac
2026-05-19T20:34:49 update: added 80/爱就一个字 - 张信哲.flac
2026-05-19T20:34:49 update: added 80/爱我的人和我爱的人 - 裘海正.flac
2026-05-19T20:34:49 update: added 80/爱江山更爱美人 - 李丽芬.flac
2026-05-19T20:34:49 update: added 80/爱的故事(上集) - 孙耀威.flac
2026-05-19T20:34:49 update: added 80/爱，很简单 - 陶喆.flac
2026-05-19T20:34:49 update: added 80/独角戏 - 许茹芸.flac
2026-05-19T20:34:49 update: added 80/盛夏的果实 - 莫文蔚.flac
2026-05-19T20:34:49 update: added 80/相见恨晚 - 彭佳慧.flac
2026-05-19T20:34:49 update: added 80/神话情话 - 周华健、齐豫.flac
2026-05-19T20:34:49 update: added 80/红豆 - 王菲.flac
2026-05-19T20:34:49 update: added 80/约定 - 周蕙.flac
2026-05-19T20:34:49 update: added 80/背叛情歌 - 动力火车.flac
2026-05-19T20:34:49 update: added 80/至少还有你 - 林忆莲.flac
2026-05-19T20:34:49 update: added 80/花心 - 周华健.flac
2026-05-19T20:34:49 update: added 80/莫文蔚 - 电台情歌.flac
2026-05-19T20:34:49 update: added 80/记事本 - 陈慧琳.flac
2026-05-19T20:34:49 update: added 80/讲不出再见 - 谭咏麟.flac
2026-05-19T20:34:49 update: added 80/谢谢你的爱1999 - 谢霆锋.flac
2026-05-19T20:34:49 update: added 80/轻轻的告诉你 - 杨钰莹.flac
2026-05-19T20:34:49 update: added 80/过火 - 张信哲.flac
2026-05-19T20:34:49 update: added 80/阳光总在风雨后 - 许美静.flac
2026-05-19T20:34:49 update: added 80/难念的经 - 周华健.flac
2026-05-19T20:34:49 update: added 80/雨蝶 - 李翊君.flac
2026-05-19T20:34:49 update: added 80/风中有朵雨做的云 - 孟庭苇.flac
2026-05-19T20:34:49 update: added 80/饿狼传说 - 张学友.flac
2026-05-19T20:34:49 update: added 80/黄安 - 新鸳鸯蝴蝶梦.flac
2026-05-19T20:34:49 update: added 80/黄昏 - 周传雄.flac
2026-05-19T20:34:49 update: added /A-Lin - 有一种悲伤.mp3
2026-05-19T20:34:49 update: added /Alan Walker - The Spectre.flac
2026-05-19T20:34:49 update: added /Alan Walker、Iselin Solheim - Faded.flac
2026-05-19T20:34:49 update: added /Antoine Chambe - Easy Come.flac
2026-05-19T20:34:49 update: added /Ava Max - Sweet but Psycho.flac
2026-05-19T20:34:49 update: added /BEYOND - 光辉岁月.flac
2026-05-19T20:34:49 update: added /BEYOND - 海阔天空.flac
2026-05-19T20:34:49 update: added /BibianeZ、Thimlife - Home (Radio Edit).flac
2026-05-19T20:34:49 update: added /BIGBANG - 거짓말 (谎言).flac
2026-05-19T20:34:49 update: added /BIGBANG - 맨정신.flac
2026-05-19T20:34:49 update: added /By2 - 爱丫爱丫.flac
2026-05-19T20:34:49 update: added /By2、汪苏泷 - 有点甜.flac
2026-05-19T20:34:49 update: added /Cedric Gervais、Digital Farm Animals、Dallas Austin - Touch The Sky.flac
2026-05-19T20:34:49 update: added /CHEN - 최고의 행운 (最佳幸运).flac
2026-05-19T20:34:49 update: added /Christine Welch - 一百万个可能.flac
2026-05-19T20:34:49 update: added /Corki - 下坠Falling.flac
2026-05-19T20:34:49 update: added /CORSAK、马吟吟 - 溯 (Reverse).flac
2026-05-19T20:34:49 update: added /CRITTY - 不谓侠.mp3
2026-05-19T20:34:49 update: added /Delacey - Dream It Possible.flac
2026-05-19T20:34:49 update: added dj/半生浮城（DJ默涵版） - 王超然.flac
2026-05-19T20:34:49 update: added dj/挡不住的思念（DJ默涵版） - 古银州浩浩.flac
2026-05-19T20:34:49 update: added dj/暗恋是一个人的事（DJ默涵版） - DJ小暴.flac
2026-05-19T20:34:49 update: added dj/那时候的我（DJ默涵版） - 魏佳艺.flac
2026-05-19T20:34:49 update: added dj/再不疯狂就老了（DJ默涵版） - 張敏.flac
2026-05-19T20:34:49 update: added dj/老妹儿哥要带你回家（DJ默涵版） - 刘佳宁.flac
2026-05-19T20:34:49 update: added dj/雨泪（DJ默涵版） - 飘飘、李英.flac
2026-05-19T20:34:49 update: added dj/一半清醒一半醉（DJ默涵版） - 大城.flac
2026-05-19T20:34:49 update: added dj/三生有缘(DJ默涵版) - 艾米尔.flac
2026-05-19T20:34:49 update: added dj/万人迷（DJ默涵版） - 邱小龙.flac
2026-05-19T20:34:49 update: added dj/过年啦（DJ默涵版） - 贺东.flac
2026-05-19T20:34:49 update: added dj/下辈子不一定还能遇见你（DJ默涵版） - 春天.flac
2026-05-19T20:34:49 update: added dj/致别人（DJ默涵版） - 马美如.flac
2026-05-19T20:34:49 update: added dj/Romeo, Don't Go(罗密欧带我走DJ默涵Remix英文版) - 七元.flac
2026-05-19T20:34:49 update: added dj/风儿吹过山沟沟（DJ默涵版） - 冯海龙.flac
2026-05-19T20:34:49 update: added dj/大风吹过年少的轻狂（DJ默涵版） - 张艺迈.flac
2026-05-19T20:34:49 update: added dj/情温（DJ默涵版） - 青木时光.flac
2026-05-19T20:34:49 update: added dj/如果那天（DJ默涵版） - 杜天宇.flac
2026-05-19T20:34:49 update: added dj/一曲红尘(DJ默涵版) - 魏佳艺.flac
2026-05-19T20:34:49 update: added dj/黑夜向我道了声晚安(DJ默涵版） - 魏佳艺.flac
2026-05-19T20:34:49 update: added dj/人生不干真不行（DJ默涵版） - 霍云龙.flac
2026-05-19T20:34:49 update: added dj/爱上你等于爱上了错 (DJ默涵版） - 春天.flac
2026-05-19T20:34:49 update: added dj/2025要幸福(DJ默涵版) - 崔伟立.flac
2026-05-19T20:34:49 update: added dj/千好万好不如自己好（DJ默涵版） - 落笔.flac
2026-05-19T20:34:49 update: added dj/竹马戏（DJ默涵版） - 洋澜一.flac
2026-05-19T20:34:49 update: added dj/我真的舍不得你走（DJ默涵版） - 谢涛.flac
2026-05-19T20:34:49 update: added dj/雪花恋人(DJ默涵版) - 崔伟立、孙艺琪.flac
2026-05-19T20:34:49 update: added dj/不该无情义（DJ默涵版） - 尹艺霏.flac
2026-05-19T20:34:49 update: added dj/谁会问我累不累（DJ默涵版） - 于洋.flac
2026-05-19T20:34:49 update: added dj/思念如雪（DJ默涵版） - 洋澜一.flac
2026-05-19T20:34:49 update: added dj/策马闯天涯（DJ默涵版） - 金钰双双.flac
2026-05-19T20:34:49 update: added dj/老天不负有心人（DJ默涵版） - 常艳妮.flac
2026-05-19T20:34:49 update: added dj/策马闯天涯（DJ默涵版） - 崔伟立.flac
2026-05-19T20:34:49 update: added dj/心上人出嫁（DJ默涵版） - 冯一航.flac
2026-05-19T20:34:49 update: added dj/谁的人生不是一首歌（DJ默涵版） - 静静.flac
2026-05-19T20:34:49 update: added dj/卜卦（DJ默涵版） - 洋澜一、俞佳.flac
2026-05-19T20:34:49 update: added dj/人生旅途（DJ默涵版） - 玺晨.flac
2026-05-19T20:34:49 update: added dj/新黄土高坡（DJ默涵版） - 赵运玲.flac
2026-05-19T20:34:49 update: added dj/天上的仙女（DJ默涵版） - 年才让.flac
2026-05-19T20:34:49 update: added dj/有钱不是万能的（DJ默涵版） - 成学迅.flac
2026-05-19T20:34:49 update: added dj/心上人出嫁（DJ默涵版） - 杨雯梓.flac
2026-05-19T20:34:49 update: added dj/流下了泪滴 - DJ默涵版 - 郭力.flac
2026-05-19T20:34:49 update: added dj/心愿（DJ默涵版） - 年才让.flac
2026-05-19T20:34:49 update: added dj/拜花堂（DJ默涵版） - 独蓝妹.flac
2026-05-19T20:34:49 update: added dj/信天游（女声版DJ默涵版） - 赵运玲.flac
2026-05-19T20:34:49 update: added dj/再熬半生就能忘了吧（DJ默涵版） - 张艺迈.flac
2026-05-19T20:34:49 update: added dj/端起酒杯想起你（DJ默涵版） - 冯一航.flac
2026-05-19T20:34:49 update: added dj/若不是真的爱你（DJ默涵版） - 张艺迈.flac
2026-05-19T20:34:49 update: added dj/落雪为念（DJ默涵版） - 赵洋.flac
2026-05-19T20:34:49 update: added dj/不要急 不要慌(DJ默涵版) - 崔伟立.flac
2026-05-19T20:34:49 update: added dj/爱也断肠恨也断肠（DJ默涵版） - 金钰双双.flac
2026-05-19T20:34:49 update: added dj/你想飞我不追（DJ默涵版） - 金钰双双.flac
2026-05-19T20:34:49 update: added dj/情难留（DJ默涵版） - 金钰双双.flac
2026-05-19T20:34:49 update: added dj/返老还童丹DJ默涵版 - 秋裤大叔.flac
2026-05-19T20:34:49 update: added dj/写你（DJ默涵版） - 杨大勇.flac
2026-05-19T20:34:49 update: added dj/一纸婚约（DJ默涵版） - 孙艺琪.flac
2026-05-19T20:34:49 update: added dj/苦尽甘来(DJ默涵版） - 霍云龙.flac
2026-05-19T20:34:49 update: added dj/谁解我忧愁（DJ默涵版） - 马美如.flac
2026-05-19T20:34:49 update: added dj/谁不想回家（DJ 默涵版） - 付飞社.flac
2026-05-19T20:34:49 update: added dj/脸咋这么厚（DJ默涵版） - 冯一航.flac
2026-05-19T20:34:49 update: added dj/狠不下心忘不了你（DJ默涵版） - 韩小欠.flac
2026-05-19T20:34:49 update: added dj/人间迷途（DJ默涵版） - 王超然.flac
2026-05-19T20:34:49 update: added dj/孤独的活着（DJ默涵版） - 王超然.flac
2026-05-19T20:34:49 update: added dj/独撑（DJ默涵版） - 丁多.flac
2026-05-19T20:34:49 update: added dj/伤心芭比Q（DJ默涵版） - 阿国哥.flac
2026-05-19T20:34:49 update: added dj/人间就是江湖（DJ默涵版） - 霍云龙.flac
2026-05-19T20:34:49 update: added dj/为什么要爱上你（DJ默涵版） - 郭芊彤.flac
2026-05-19T20:34:49 update: added dj/痴情有罪（DJ默涵版） (Remix) - 陈瑞.flac
2026-05-19T20:34:49 update: added dj/流下了泪滴 - DJ默涵版 - 李英.flac
2026-05-19T20:34:49 update: added dj/一路高歌（DJ默涵版） - 大星、虎妮.flac
2026-05-19T20:34:49 update: added dj/愿你眼里永远有光(DJ默涵版) - 洋澜一.flac
2026-05-19T20:34:49 update: added dj/喝酒喝到我心碎（DJ默涵版） - 袁小袁.flac
2026-05-19T20:34:49 update: added dj/冬天的秘密(DJ默涵版) - 半吨兄弟.flac
2026-05-19T20:34:49 update: added dj/心上人出嫁（DJ默涵版） - 格玉青措.flac
2026-05-19T20:34:49 update: added dj/信天游之恋（DJ默涵版） - 赵运玲.flac
2026-05-19T20:34:49 update: added dj/天天想 夜夜盼(DJ默涵版) - 孙艺琪.flac
2026-05-19T20:34:49 update: added dj/远方的心上人（DJ默涵版） - 风语.flac
2026-05-19T20:34:49 update: added dj/回不去挥不去（DJ默涵版） - 燕宝儿.flac
2026-05-19T20:34:49 update: added dj/闯天涯（DJ默涵版） - 赵真.flac
2026-05-19T20:34:49 update: added dj/钵钵鸡 (DJ默涵版) - DJ默涵.flac
2026-05-19T20:34:49 update: added dj/不该的恋曲（DJ默涵版） - 朱美璇.flac
2026-05-19T20:34:49 update: added dj/荒漠玫瑰（DJ默涵版） - 龙江辉.flac
2026-05-19T20:34:49 update: added dj/你是我一生好兄弟（DJ默涵版） - 伍先生.flac
2026-05-19T20:34:49 update: added dj/求个上上签（女声DJ默涵版） - 毛妹妹.flac
2026-05-19T20:34:49 update: added dj/你不想我我想你（DJ默涵版） - 金钰双双.flac
2026-05-19T20:34:49 update: added dj/心痛的回忆（Dj默涵版） - 花姐.flac
2026-05-19T20:34:49 update: added dj/遇见真情（DJ默涵版） - 王娜.flac
2026-05-19T20:34:49 update: added dj/该浪就得浪(DJ默涵版) - 乔艳艳.flac
2026-05-19T20:34:49 update: added dj/伤情2025（DJ默涵版） - DJ鬼鬼于航.flac
2026-05-19T20:34:49 update: added dj/雪莲花一朵（DJ默涵版） - 魏佳艺.flac
2026-05-19T20:34:49 update: added dj/怪我对你太好了DJ默涵版 - 小玟子.flac
2026-05-19T20:34:49 update: added dj/爱的迷魂汤（DJ默涵版） - 花姐.flac
2026-05-19T20:34:49 update: added dj/恋旧（DJ默涵版） - 青木时光.flac
2026-05-19T20:34:49 update: added dj/爱有多美心有多累(DJ默涵版) - 刘芝怡.flac
2026-05-19T20:34:49 update: added dj/爱人啊你在哪里（DJ默涵版） - 蔷薇团长.flac
2026-05-19T20:34:49 update: added dj/只愿来生还是你（DJ默涵版） - 朱俊卫.flac
2026-05-19T20:34:49 update: added dj/圪梁梁(DJ默涵版) - 高捞、闫辽艳.flac
2026-05-19T20:34:49 update: added dj/人生百味三杯酒（DJ默涵版） - 胡小丫.flac
2026-05-19T20:34:49 update: added dj/请你给我个机会(DJ默涵版) - 郭力.flac
2026-05-19T20:34:49 update: added dj/痴人（DJ默涵版） - 郑亦辰.flac
2026-05-19T20:34:49 update: added dj/我不记得你是谁（DJ默涵版） - 蔷薇团长.flac
2026-05-19T20:34:49 update: added dj/动错真心牵错手（DJ默涵版） - 田园.flac
2026-05-19T20:34:49 update: added dj/思念烧成火（DJ默涵版） - 张冬玲.flac
2026-05-19T20:34:49 update: added dj/红尘路迢迢（DJ默涵版） - 青木时光.flac
2026-05-19T20:34:49 update: added dj/被爱困在红尘（DJ默涵版） - 蔷薇团长.flac
2026-05-19T20:34:49 update: added dj/真话不抵骗人的鬼话（DJ默涵版） - 金钰双双.flac
2026-05-19T20:34:49 update: added dj/不问青春多少年（Dj 默涵版） - 霍云龙.flac
2026-05-19T20:34:49 update: added dj/今天的风好大(DJ默涵版) - 孙艺琪.flac
2026-05-19T20:34:49 update: added dj/谁的生活不辛苦（DJ默涵版） (cover- 李英) - 梦歆冉.flac
2026-05-19T20:34:49 update: added dj/山花开（DJ默涵版） - 云菲菲.flac
2026-05-19T20:34:49 update: added dj/红颜易老（DJ默涵版） - 小曼.flac
2026-05-19T20:34:49 update: added dj/山那边(DJ默涵版) - 影子.flac
2026-05-19T20:34:49 update: added dj/趁着还未老(DJ默涵版) - 关心.flac
2026-05-19T20:34:49 update: added dj/总有惦记你的人 （DJ默涵版） - 杨子群、DJ默涵.flac
2026-05-19T20:34:49 update: added dj/火火的大西北（DJ默涵版） - 张慧玲.flac
2026-05-19T20:34:49 update: added dj/酒杯杯（DJ默涵版） - 郭涛.flac
2026-05-19T20:34:49 update: added dj/烟酒不解人间苦（DJ默涵版） - 花姐.flac
2026-05-19T20:34:49 update: added dj/我学会了爱你却已不在（DJ默涵版） - 金钰双双.flac
2026-05-19T20:34:49 update: added dj/笑一笑十年少（DJ默涵版） - 孟杨.flac
2026-05-19T20:34:49 update: added dj/晚风吹人醒（DJ默涵版） - 刘晓超.flac
2026-05-19T20:34:49 update: added dj/真心的人没有几个（DJ默涵版） - 韩小欠.flac
2026-05-19T20:34:49 update: added dj/一个不能离一个不能娶(DJ默涵版) - 艺凌.flac
2026-05-19T20:34:49 update: added dj/冷漠的感情伤人的爱（DJ默涵版） - 王娜.flac
2026-05-19T20:34:49 update: added dj/我单枪匹马闯人间（DJ默涵版） - 金彤.flac
2026-05-19T20:34:49 update: added dj/男人生来就无路可退（DJ默涵版） - 大欢.flac
2026-05-19T20:34:49 update: added dj/一别两欢(DJ默涵版) - 熊七梅.flac
2026-05-19T20:34:49 update: added dj/日日期盼夜夜孤单（DJ默涵版） - 赵洋.flac
2026-05-19T20:34:49 update: added dj/爱恨皆是你（DJ默涵版） - 酒儿.flac
2026-05-19T20:34:49 update: added dj/窗外雨纷纷（DJ默涵版） - 方辰.flac
2026-05-19T20:34:49 update: added dj/隔辈亲情更深（DJ默涵版） - 何金超.flac
2026-05-19T20:34:49 update: added dj/路茫茫心也茫茫-DJ默涵版 - 影子.flac
2026-05-19T20:34:49 update: added dj/我是一条小河（DJ默涵版） - 郭欢.flac
2026-05-19T20:34:49 update: added dj/半醒半迷茫（DJ默涵版） - 青木时光.flac
2026-05-19T20:34:49 update: added dj/农民不怕苦和累（DJ默涵版） - 木杰.flac
2026-05-19T20:34:49 update: added dj/一阵风（DJ默涵版） - 霍云龙.flac
2026-05-19T20:34:49 update: added dj/伤心的泪滴（DJ默涵版） - 梅邦.flac
2026-05-19T20:34:49 update: added dj/加减乘除算不出人生几何（DJ默涵版） - 刘阳阳.flac
2026-05-19T20:34:49 update: added dj/把钱赚美了（DJ默涵版） - 郭少杰.flac
2026-05-19T20:34:49 update: added dj/发光的少年(DJ默涵版) - 苏谭谭.flac
2026-05-19T20:34:49 update: added dj/一束光(DJ默涵版) - 崔伟立.flac
2026-05-19T20:34:49 update: added dj/爱情没有回头路（DJ默涵版） - 金大美.flac
2026-05-19T20:34:49 update: added dj/你的良心在哪里（DJ默涵版） - 蔷薇团长.flac
2026-05-19T20:34:49 update: added dj/电影会落幕(DJ默涵版) - 孙艺琪.flac
2026-05-19T20:34:49 update: added dj/生来坠入凡间的门（DJ默涵版） - 佳佳.flac
2026-05-19T20:34:49 update: added dj/一杯浊酒敬红尘（DJ默涵版） - 王超然.flac
2026-05-19T20:34:49 update: added dj/掌心之中（DJ默涵版） - 魏佳艺.flac
2026-05-19T20:34:49 update: added dj/我也渴望有人疼（DJ默涵版） - 米灵.flac
2026-05-19T20:34:49 update: added dj/这一别（DJ默涵版） - 魏佳艺.flac
2026-05-19T20:34:49 update: added dj/亲爱的不要离开我(DJ默涵版) - 郭力.flac
2026-05-19T20:34:49 update: added dj/爱情两茫茫（DJ默涵版） - 青木时光.flac
2026-05-19T20:34:49 update: added dj/夜夜夜孤单（DJ默涵版） - 金钰双双.flac
2026-05-19T20:34:49 update: added dj/花轿情（DJ默涵版） - 冯海龙.flac
2026-05-19T20:34:49 update: added dj/这辈子我还没有爱够（DJ默涵版） - 于洋.flac
2026-05-19T20:34:49 update: added dj/如歌岁月（DJ默涵版） - 刘晓超.flac
2026-05-19T20:34:49 update: added dj/霸王别姬（DJ默涵版） - 晗蕾.flac
2026-05-19T20:34:49 update: added dj/犟种(DJ默涵版) - 崔伟立.flac
2026-05-19T20:34:49 update: added dj/亲爱的姑娘（DJ默涵版） - 冯光.flac
2026-05-19T20:34:49 update: added dj/再想你我不是人（DJ默涵版） - 关心.flac
2026-05-19T20:34:49 update: added dj/爱过伤过也哭过(DJ默涵版) - 王馨.flac
2026-05-19T20:34:49 update: added dj/这一拜(DJ默涵版) - 崔建国.flac
2026-05-19T20:34:49 update: added dj/等君归(DJ默涵版) - 任欢QH.flac
2026-05-19T20:34:49 update: added dj/一段情留下一道伤疤（DJ默涵版） - 王馨.flac
2026-05-19T20:34:49 update: added dj/情话深深浅浅千万遍（DJ默涵版） - 洋澜一.flac
2026-05-19T20:34:49 update: added dj/夜愿(DJ默涵版) - 孙艺琪.flac
2026-05-19T20:34:49 update: added dj/人间独一款（DJ默涵版） - 侯云.flac
2026-05-19T20:34:49 update: added dj/见与不见我就在那里(DJ默涵版) - 静静.flac
2026-05-19T20:34:49 update: added dj/戏红妆(DJ默涵版) - 清水er.flac
2026-05-19T20:34:49 update: added dj/家有爸妈（DJ默涵版） - 冯海龙.flac
2026-05-19T20:34:49 update: added dj/人活一生图的是什么（DJ默涵版） - 影子.flac
2026-05-19T20:34:49 update: added dj/三生有幸(DJ默涵版) - 孙艺琪.flac
2026-05-19T20:34:49 update: added dj/月亮掉进了池塘（DJ默涵版） - 窝窝.flac
2026-05-19T20:34:49 update: added dj/今生最爱的人是你(DJ默涵版) - 小高哥.flac
2026-05-19T20:34:49 update: added dj/爱你着迷（DJ默涵版） - 云南顶呱呱南瓜.flac
2026-05-19T20:34:49 update: added dj/梦醒时分（DJ默涵版） - 云南三怪.flac
2026-05-19T20:34:49 update: added dj/你说不会让我哭（DJ默涵版） - 张冬玲.flac
2026-05-19T20:34:49 update: added dj/我也渴望有人疼（DJ默涵版） (cover- 米灵) - 梦歆冉.flac
2026-05-19T20:34:49 update: added dj/生日礼物(DJ默涵版) - 半吨兄弟.flac
2026-05-19T20:34:49 update: added dj/爱情伤伤伤（DJ默涵版） - 畅儿.flac
2026-05-19T20:34:49 update: added dj/没有风生水起的命（DJ默涵版） - 曾诗涵.flac
2026-05-19T20:34:49 update: added dj/我也牛杯过(DJ默涵版) - 王超然.flac
2026-05-19T20:34:49 update: added dj/明月可否知我心（DJ默涵版） - 蔷薇团长.flac
2026-05-19T20:34:49 update: added dj/当风瘦成风(DJ默涵版) - 云菲菲.flac
2026-05-19T20:34:49 update: added dj/忘情夜（DJ默涵版） - 青木时光.flac
2026-05-19T20:34:49 update: added dj/你不来花不开（DJ默涵版） - 艾丽娅琪琪格.flac
2026-05-19T20:34:49 update: added dj/我和你是劫是缘（DJ默涵版） - 艺凌.flac
2026-05-19T20:34:49 update: added dj/向往神鹰（DJ默涵版） - 格玉青措.flac
2026-05-19T20:34:49 update: added dj/吻过你的唇（DJ默涵版） - 涓子.flac
2026-05-19T20:34:49 update: added dj/情一动心就痛（DJ默涵版） - 海生.flac
2026-05-19T20:34:49 update: added dj/那么爱你也没用（dj默涵版） - 小蝌.flac
2026-05-19T20:34:49 update: added dj/九分真心一分余地（DJ默涵版） (Remix) - 王娜.flac
2026-05-19T20:34:49 update: added dj/怎么还是分开了（DJ默涵版） - 王超然.flac
2026-05-19T20:34:49 update: added dj/谁还没有几块疤(DJ默涵版) - 孙艺琪.flac
2026-05-19T20:34:49 update: added dj/爱悠悠情悠悠（DJ默涵版） - 樊少华.flac
2026-05-19T20:34:49 update: added dj/抖一抖（DJ默涵版） - 草原摩登小姐妹.flac
2026-05-19T20:34:49 update: added dj/撕心裂肺的痛过（DJ默涵版） - 田园.flac
2026-05-19T20:34:49 update: added dj/穿越人海拥抱你（见一面）DJ默涵版 - 洋澜一.flac
2026-05-19T20:34:49 update: added dj/酒过三巡叹沧桑（DJ默涵版） - 刘阳阳.flac
2026-05-19T20:34:49 update: added dj/想问情深有几许(DJ默涵版 - 赵兜兜.flac
2026-05-19T20:34:49 update: added dj/分手就分手（DJ默涵版） - 洋澜一.flac
2026-05-19T20:34:49 update: added dj/人间有你（DJ默涵版） - 秋裤大叔.flac
2026-05-19T20:34:49 update: added dj/天各一方（DJ默涵版） - 菲儿.flac
2026-05-19T20:34:49 update: added dj/一曲红尘（DJ默涵版） (cover- 郭少杰) - 萍姐.flac
2026-05-19T20:34:49 update: added dj/米脂的婆姨绥德的汉（DJ默涵版） - 梦静美.flac
2026-05-19T20:34:49 update: added dj/嘿宝贝（DJ默涵）独唱版 - 黑小黑.flac
2026-05-19T20:34:49 update: added dj/陕北姑娘一枝花（DJ默涵版） - 郭涛.flac
2026-05-19T20:34:49 update: added dj/四季花不待（DJ默涵版） - 刘佳宁.flac
2026-05-19T20:34:49 update: added dj/情太傻(DJ默涵版) - 韩小欠.flac
2026-05-19T20:34:49 update: added dj/信天游（DJ默涵版） - 董彩霞.flac
2026-05-19T20:34:49 update: added dj/一把小雨伞(DJ默涵女声版) - 孙艺琪.flac
2026-05-19T20:34:49 update: added dj/不会再为你心动(DJ默涵版) - 孙艺琪.flac
2026-05-19T20:34:49 update: added dj/一把挂面不零卖 （DJ默涵版） - 马美如.flac
2026-05-19T20:34:49 update: added dj/沉醉的酒苦涩的忧（DJ默涵版） - 郭少杰.flac
2026-05-19T20:34:49 update: added dj/我一个人在哭泣（DJ默涵版） - 大潞.flac
2026-05-19T20:34:49 update: added dj/人生几人不虚度（DJ默涵版） - 花树.flac
2026-05-19T20:34:49 update: added dj/心尖尖上的人（DJ默涵版） - 海生、陶钰玉.flac
2026-05-19T20:34:49 update: added dj/一把小雨伞(DJ默涵版) - 崔伟立.flac
2026-05-19T20:34:49 update: added dj/黄昏(DJ默涵版) - 半吨兄弟.flac
2026-05-19T20:34:49 update: added dj/此生无憾来人间一趟（DJ默涵版） - 金钰儿.flac
2026-05-19T20:34:49 update: added dj/风雨中的诺言（DJ默涵版） - 金钰儿.flac
2026-05-19T20:34:49 update: added dj/我是一个被爱伤过的人（DJ默涵版） - 丛书.flac
2026-05-19T20:34:49 update: added dj/下辈子第一个遇见你（烟嗓DJ默涵版） - 王超然.flac
2026-05-19T20:34:49 update: added dj/人生难得有几个真正的朋友(DJ默涵版) - 袁小袁.flac
2026-05-19T20:34:49 update: added dj/旧伤（DJ默涵版） - 金钰双双.flac
2026-05-19T20:34:49 update: added dj/深情败给时间 (DJ默涵版) - 韩小欠.flac
2026-05-19T20:34:49 update: added dj/有一种爱是你在(DJ默涵版)  - 侯泽润.flac
2026-05-19T20:34:49 update: added dj/一壶老酒（DJ默涵版） (翻奏- 冯海龙) - CH.flac
2026-05-19T20:34:49 update: added dj/花落相思雨（DJ默涵版） - 金艾娜.flac
2026-05-19T20:34:49 update: added dj/藏花笑（DJ默涵版） - 一杯美酒、叶子旋.flac
2026-05-19T20:34:49 update: added dj/野花恋（DJ默涵版） - 青木时光.flac
2026-05-19T20:34:49 update: added dj/画你 （DJ默涵版） - 科尔沁夫.flac
2026-05-19T20:34:49 update: added dj/夜漫漫（DJ默涵版） - 金钰双双.flac
2026-05-19T20:34:49 update: added dj/爱无踪（DJ默涵版） - 索丽娜.flac
2026-05-19T20:34:49 update: added dj/今生难还爱情债（DJ默涵版） - 燕宝儿.flac
2026-05-19T20:34:49 update: added dj/踮起脚尖瞭远方（DJ默涵版） - 马美如.flac
2026-05-19T20:34:49 update: added dj/错把路灯当成你（DJ默涵版） - 蔷薇团长.flac
2026-05-19T20:34:49 update: added dj/我栽了痴情的跟头(DJ默涵版) - 王娜.flac
2026-05-19T20:34:49 update: added dj/亲爱的不要离开我（DJ默涵对唱版） - 艺凌、郭力.flac
2026-05-19T20:34:49 update: added dj/转身关心门（DJ默涵版） - 艺凌.flac
2026-05-19T20:34:49 update: added dj/舞女泪 (remix- 刘晓超) (Remix) - 阿木熊松.flac
2026-05-19T20:34:49 update: added dj/黄河儿女（DJ默涵版） - 张婉华.flac
2026-05-19T20:34:49 update: added dj/珍惜眼前（DJ默涵版） - 杨晓霞.flac
2026-05-19T20:34:49 update: added dj/伤心的雨（DJ默涵版） - 花姐.flac
2026-05-19T20:34:49 update: added dj/渡流年（DJ默涵版） - 黄文文.flac
2026-05-19T20:34:49 update: added dj/我真的爱你（DJ默涵版） - 刘阳阳.flac
2026-05-19T20:34:49 update: added dj/迟来的爱（DJ默涵版） (cover- 刘晓超) (其他) - 星月年华.flac
2026-05-19T20:34:49 update: added dj/妹妹坐船头(DJ默涵版) - 马博.flac
2026-05-19T20:34:49 update: added dj/梦中的毡房（DJ默涵版） - 腾格尔.flac
2026-05-19T20:34:49 update: added dj/没说出口的卑微（DJ默涵版） - 金钰双双.flac
2026-05-19T20:34:49 update: added dj/还有多少时光可以等（DJ默涵版） - 王馨.flac
2026-05-19T20:34:49 update: added dj/人生这壶酒（DJ默涵版） - 高丽霞.flac
2026-05-19T20:34:49 update: added dj/没有你我该怎么活(DJ默涵版) - 孙艺琪.flac
2026-05-19T20:34:49 update: added dj/月亮你不懂（DJ默涵版）女版 - 赵运玲.flac
2026-05-19T20:34:49 update: added dj/人生难得几回醉(DJ默涵版) (Remix) - 雪十郎.flac
2026-05-19T20:34:49 update: added dj/唯有红尘看不透（DJ默涵版） - 烟圈蔓延.flac
2026-05-19T20:34:49 update: added dj/姐有姐的范儿（DJ默涵版） - 小玟子.flac
2026-05-19T20:34:49 update: added dj/狂沙（烟嗓版）（DJ默涵版） - 王超然.flac
2026-05-19T20:34:49 update: added dj/合不来又分不开（DJ默涵版） - 肖雨蒙.flac
2026-05-19T20:34:49 update: added dj/只有你是我的缘（DJ默涵版） - 烟圈蔓延.flac
2026-05-19T20:34:49 update: added dj/没人知道我走过的路（DJ默涵版） - 苍狼.flac
2026-05-19T20:34:49 update: added dj/一半糊涂一半清醒（DJ默涵版） - 王超然.flac
2026-05-19T20:34:49 update: added dj/莫与谁说心中苦（DJ默涵版） - 金钰双双.flac
2026-05-19T20:34:49 update: added dj/大碗酒大口肉（DJ默涵版） - 阿权.flac
2026-05-19T20:34:49 update: added dj/人到中年万事休（DJ默涵版） - 金钰双双.flac
2026-05-19T20:34:49 update: added dj/落叶纷飞（DJ默涵版） - 王爱华.flac
2026-05-19T20:34:49 update: added dj/相思愁（DJ默涵版） (Remix) - 空城.flac
2026-05-19T20:34:49 update: added dj/心疼你的人（DJ默涵版） - 郭少杰.flac
2026-05-19T20:34:49 update: added dj/一山还比一山高（DJ默涵版） - 张子莯.flac
2026-05-19T20:34:49 update: added dj/对你犯了错(女声DJ默涵版) - 艺凌.flac
2026-05-19T20:34:49 update: added dj/蝶在飞(DJ默涵版) - 崔伟立、孙艺琪.flac
2026-05-19T20:34:49 update: added dj/说缘（DJ默涵版） - 青木时光.flac
2026-05-19T20:34:49 update: added dj/女人就要浪（DJ默涵版） (Live) - 思予.flac
2026-05-19T20:34:49 update: added dj/我在他乡挺好的  DJ默涵烟嗓版 (DJ默涵烟嗓版) - 影子.flac
2026-05-19T20:34:49 update: added dj/和我亲爱的在一起（DJ默涵版） - 刘习军、余海英.flac
2026-05-19T20:34:49 update: added dj/厮守(DJ默涵版) - 崔伟立.flac
2026-05-19T20:34:49 update: added dj/真心的人最累（女版）DJ默涵版 - 大潞.flac
2026-05-19T20:34:49 update: added dj/爱在身上留下了伤（DJ默涵版） - 影子.flac
2026-05-19T20:34:49 update: added dj/长夜漫漫为情醉（DJ默涵版） - 花姐.flac
2026-05-19T20:34:49 update: added dj/我用青春陪你赌(DJ默涵版) - 方辰.flac
2026-05-19T20:34:49 update: added dj/2025要幸福(DJ默涵版) - 孙艺琪.flac
2026-05-19T20:34:49 update: added dj/我是真的太累啦（DJ默涵版） - 艺凌.flac
2026-05-19T20:34:49 update: added dj/痴情的人总为情伤(DJ默涵版) - 赵洋.flac
2026-05-19T20:34:49 update: added dj/风在狂心在烫（DJ默涵版） - 金钰双双.flac
2026-05-19T20:34:49 update: added dj/一生的执着(DJ默涵版) - 桃缘周周.flac
2026-05-19T20:34:49 update: added dj/最笨的女人（DJ默涵版） - 蔷薇团长.flac
2026-05-19T20:34:49 update: added dj/我着了你的道(DJ默涵女声版) - 魏佳艺.flac
2026-05-19T20:34:49 update: added dj/浓愁锁深秋DJ（默涵版） - 赵洋.flac
2026-05-19T20:34:49 update: added dj/画月亮(DJ默涵版) - 艾米尔.flac
2026-05-19T20:34:49 update: added dj/葫芦娃（2025DJ默涵重制版） - 崔建国.flac
2026-05-19T20:34:49 update: added dj/十八洞（DJ默涵版） - 郭涛.flac
2026-05-19T20:34:49 update: added dj/你那么坏我却那么爱（DJ默涵版） - 魏志璇.flac
2026-05-19T20:34:49 update: added dj/说好了到白头（DJ默涵版） - 冯海龙.flac
2026-05-19T20:34:49 update: added dj/你住的城市下雨了吗（DJ默涵版） - 曾春年.flac
2026-05-19T20:34:49 update: added dj/我从来没有忘了爱你（DJ默涵版） - 蔷薇团长.flac
2026-05-19T20:34:49 update: added dj/你莫走（DJ默涵版） (cover- 山水组合) - 轨道.flac
2026-05-19T20:34:49 update: added dj/靖远之恋（DJ默涵版） - 刘艺雯.flac
2026-05-19T20:34:49 update: added dj/山峁峁（DJ默涵版） - 镐天.flac
2026-05-19T20:34:49 update: added dj/别说我的眼泪你无所谓（DJ默涵版） - 恰恰恰恰恰.flac
2026-05-19T20:34:49 update: added dj/想你就上高山（DJ默涵版） - 梦静美.flac
2026-05-19T20:34:49 update: added dj/归来不再少年DJ默涵版 - 秋裤大叔.flac
2026-05-19T20:34:49 update: added dj/拐弯弯儿（DJ默涵版） - 山水组合.flac
2026-05-19T20:34:49 update: added dj/你永远不懂我（DJ默涵版） (Remix) - 春天.flac
2026-05-19T20:34:49 update: added dj/Welcome to东北（DJ默涵版） - 小梁的（梁思琪）.flac
2026-05-19T20:34:49 update: added dj/五行缺你(DJ默涵版） - 霍云龙.flac
2026-05-19T20:34:49 update: added dj/心花一路到天涯-丫蛋《DJ默涵版》 - 丫蛋.flac
2026-05-19T20:34:49 update: added dj/最（DJ默涵版）-安吉格乐版 - 安吉格乐.flac
2026-05-19T20:34:49 update: added dj/爱的迷魂汤（DJ光音坊版） - 花姐.flac
2026-05-19T20:34:49 update: added dj/我这一生（续集）（DJ默涵版） - 马健涛.flac
2026-05-19T20:34:49 update: added dj/黄昏(DJ默涵版) (伴奏) - 半吨兄弟.flac
2026-05-19T20:34:49 update: added dj/寂寞的时候别再想起我（DJ默涵版） - 杨海彪、DJ默涵.flac
2026-05-19T20:34:49 update: added dj/无人扶我青云志(DJ默涵版) - 艾米尔.flac
2026-05-19T20:34:49 update: added dj/风吹落叶满天飞（DJ默涵版） - 王馨.flac
2026-05-19T20:34:49 update: added dj/烈马（DJ默涵版） - 红孩儿.flac
2026-05-19T20:34:49 update: added dj/夜漫漫（DJ默涵版） - 东方晓.flac
2026-05-19T20:34:49 update: added dj/注定不同的人（DJ默涵版） - 大城.flac
2026-05-19T20:34:49 update: added dj/黄土之恋（DJ默涵版） - 古银州浩浩.flac
2026-05-19T20:34:49 update: added dj/思念说给月亮听（DJ默涵版） - 魏志璇.flac
2026-05-19T20:34:49 update: added dj/人生路上三碗水（DJ默涵版） (Remix) - 影子.flac
2026-05-19T20:34:49 update: added dj/世间难见及时雨（DJ默涵版） - 大潞.flac
2026-05-19T20:34:49 update: added dj/轮回路上等千年（DJ默涵版） - 魏佳艺.flac
2026-05-19T20:34:49 update: added dj/龙心(DJ默涵版) - 艾米尔.flac
2026-05-19T20:34:49 update: added dj/不灭莲(DJ默涵版) - 定海神棍、喵叽喵姬.flac
2026-05-19T20:34:49 update: added dj/痴情的人痴情的泪（DJ默涵版） - 司徒兰芳.flac
2026-05-19T20:34:49 update: added dj/爱情雪(DJ默涵版) - 云菲菲.flac
2026-05-19T20:34:49 update: added dj/所有伤害都是蓄谋已久（DJ默涵版） - 恰恰恰恰恰.flac
2026-05-19T20:34:49 update: added dj/我的眼泪你不在乎(DJ默涵版） - 魏佳艺.flac
2026-05-19T20:34:49 update: added dj/你是一个爱情小偷（DJ默涵版） - 真真敬.flac
2026-05-19T20:34:49 update: added dj/多想回到草原（DJ默涵版） - 龙江辉.flac
2026-05-19T20:34:49 update: added dj/后来我看透了所谓的人情冷暖（DJ默涵版） - 丁多.flac
2026-05-19T20:34:49 update: added dj/如果爱是一碗毒酒（DJ默涵版） - 王娜.flac
2026-05-19T20:34:49 update: added dj/庆幸你还在(DJ默涵版) - 冯光.flac
2026-05-19T20:34:49 update: added dj/天黑黑(DJ默涵版) - 半吨兄弟.flac
2026-05-19T20:34:49 update: added dj/既然你要走我也会放手（DJ默涵版） (cover- YH紫玫瑰) - 梦歆冉.flac
2026-05-19T20:34:49 update: added dj/往事难追（DJ默涵版） - 小曼.flac
2026-05-19T20:34:49 update: added dj/问月亮（DJ默涵版） - 成风.flac
2026-05-19T20:34:49 update: added dj/别说我的眼泪你无所谓（DJ默涵版） - 王晴.flac
2026-05-19T20:34:49 update: added dj/西藏高原(DJ默涵版) - 艾米尔.flac
2026-05-19T20:34:49 update: added dj/端起酒杯想起你（DJ默涵版） - 林凡（LinFan）.flac
2026-05-19T20:34:49 update: added dj/伤心2025（DJ默涵版） - 金钰双双.flac
2026-05-19T20:34:49 update: added dj/掌心之中（DJ默涵对唱版） - 魏佳艺、杨海彪.flac
2026-05-19T20:34:49 update: added dj/亲了妹妹的口《DJ默涵版》 - 娟妹子.flac
2026-05-19T20:34:49 update: added dj/你还要骗我多久（DJ默涵版） - 二小姐.flac
2026-05-19T20:34:49 update: added dj/爱悠悠情悠悠（DJ默涵版） - 唐薇.flac
2026-05-19T20:34:49 update: added dj/歌名歌续集(DJ默涵版) - 崔伟立.flac
2026-05-19T20:34:49 update: added dj/这人间山高路远（DJ默涵版） - 阿斌斌.flac
2026-05-19T20:34:49 update: added dj/夜愿(DJ默涵版) - 洋澜一.flac
2026-05-19T20:34:49 update: added dj/还要我等多久{DJ默涵版} - 马美如.flac
2026-05-19T20:34:49 update: added dj/相思病 要人命（DJ默涵版） - 蔷薇团长.flac
2026-05-19T20:34:49 update: added dj/回忆刀斩断苦思念（DJ默涵版） - 赵洋.flac
2026-05-19T20:34:49 update: added dj/如果有一天不用再拼命赚钱（DJ默涵版） - 乔艳艳.flac
2026-05-19T20:34:49 update: added dj/花轿里的人（DJ默涵版） - 惠歌.flac
2026-05-19T20:34:49 update: added dj/天上星多月亮少（DJ默涵版） - 刘阳阳.flac
2026-05-19T20:34:49 update: added dj/星期八离开你（DJ默涵版） - 田园.flac
2026-05-19T20:34:49 update: added dj/我用一生换你一程（DJ默涵版） - 洋澜一.flac
2026-05-19T20:34:49 update: added dj/心满了又空（DJ默涵版） - 于洋.flac
2026-05-19T20:34:49 update: added dj/兄弟的酒（DJ默涵版） - 大度.flac
2026-05-19T20:34:49 update: added dj/人生不好混（DJ默涵版） - 张冬玲.flac
2026-05-19T20:34:49 update: added dj/那就这样吧（DJ默涵版） - 魏佳艺.flac
2026-05-19T20:34:49 update: added dj/穿婚纱披袈裟（DJ默涵版） - 暴林.flac
2026-05-19T20:34:49 update: added dj/我还是弄丢了你（DJ默涵版） - 金钰双双.flac
2026-05-19T20:34:49 update: added dj/从此世间再无你(DJ默涵版) - 孙艺琪.flac
2026-05-19T20:34:49 update: added dj/还是会想你（DJ默涵版） - 乔玲儿.flac
2026-05-19T20:34:49 update: added dj/梦的飞船（DJ默涵版） - 黄文文.flac
2026-05-19T20:34:49 update: added dj/跟你好(DJ默涵版) - 镐天.flac
2026-05-19T20:34:49 update: added dj/不服输的人（DJ默涵版） - 黑小黑.flac
2026-05-19T20:34:49 update: added dj/爱你我尽力了(DJ默涵版) - 王娜.flac
2026-05-19T20:34:49 update: added dj/没事常回家（DJ默涵版） - 影子.flac
2026-05-19T20:34:49 update: added dj/黄土之恋（DJ默涵版） - 凤丽.flac
2026-05-19T20:34:49 update: added dj/伤疤还没好就忘了疼（DJ默涵版） - 玺晨.flac
2026-05-19T20:34:49 update: added dj/这么热的天儿（DJ默涵版） - 温广.flac
2026-05-19T20:34:49 update: added dj/我没有一天不想你（DJ默涵版） - 王娜.flac
2026-05-19T20:34:49 update: added dj/人生几人不虚度（DJ默涵版） - 王爱华.flac
2026-05-19T20:34:49 update: added dj/旧梦(DJ默涵版) - 赵兜兜.flac
2026-05-19T20:34:49 update: added dj/2025请善待（DJ默涵版） - 佳佳.flac
2026-05-19T20:34:49 update: added dj/伤情2025（DJ默涵版） - 金钰双双.flac
2026-05-19T20:34:49 update: added dj/所有伤害都是蓄谋已久（DJ默涵版） - 张艺迈.flac
2026-05-19T20:34:49 update: added dj/如果爱还在（伤感DJ默涵版） (cover- 梦歆冉) - 梦歆冉.flac
2026-05-19T20:34:49 update: added dj/让儿再给爹娘磕个头（DJ默涵版） - 张小丽.flac
2026-05-19T20:34:49 update: added dj/满足(DJ默涵版) - 云菲菲.flac
2026-05-19T20:34:49 update: added dj/如何不想你（DJ默涵版） - 方辰.flac
2026-05-19T20:34:49 update: added dj/小马歌-你来与不来我都在等你（DJ默涵版） - 小马歌.flac
2026-05-19T20:34:49 update: added dj/我是单身汉（DJ默涵版） - 黑小黑.flac
2026-05-19T20:34:49 update: added dj/岁月静好花已开（DJ默涵版） - 梅朵.flac
2026-05-19T20:34:49 update: added dj/痛未央（DJ默涵版） - 金钰双双.flac
2026-05-19T20:34:49 update: added dj/爹娘恩（DJ默涵版） - 豆稳.flac
2026-05-19T20:34:49 update: added dj/聊天聊到哭 - DJ默涵版 - 王娜.flac
2026-05-19T20:34:49 update: added dj/花烛泪(DJ默涵版) - 艾米尔.flac
2026-05-19T20:34:49 update: added dj/春庭雪 (听泉鉴宝版) - DJ默涵.flac
2026-05-19T20:34:49 update: added dj/你我都在红尘里男版（DJ默涵版） - 韩小欠.flac
2026-05-19T20:34:49 update: added dj/红妆葬情殇（DJ默涵版） - 赵洋.flac
2026-05-19T20:34:49 update: added dj/丢了你（DJ默涵版） - 小黑.flac
2026-05-19T20:34:49 update: added dj/下辈子再娶她（DJ默涵版） - 慕容景天.flac
2026-05-19T20:34:49 update: added dj/无法忘记你（DJ默涵版） - 杨美华.flac
2026-05-19T20:34:49 update: added dj/错的人是我（Dj默涵版） - 花姐.flac
2026-05-19T20:34:49 update: added dj/抱的紧紧的（DJ默涵版） - 郭少杰.flac
2026-05-19T20:34:49 update: added dj/花钱容易挣钱难（DJ默涵版） - 西山阿宇.flac
2026-05-19T20:34:49 update: added dj/莫让父母老来难（DJ默涵版） - 尹艺霏.flac
2026-05-19T20:34:49 update: added dj/你莫走（DJ默涵版） - 山水组合.flac
2026-05-19T20:34:49 update: added dj/情太傻(DJ默涵版) - 孙艺琪.flac
2026-05-19T20:34:49 update: added dj/竹马戏（DJ默涵版） - 浅影阿.flac
2026-05-19T20:34:49 update: added dj/我的小老妹（女声DJ默涵版） - 小琢.flac
2026-05-19T20:34:49 update: added dj/我要发财(DJ默涵版） - 空巢老耿.flac
2026-05-19T20:34:49 update: added dj/有多荒唐（DJ默涵版） - 米灵.flac
2026-05-19T20:34:49 update: added dj/倔强的麻雀(DJ默涵版) - 孙晓磊.flac
2026-05-19T20:34:49 update: added dj/头也不回（DJ默涵版） - 东方晓.flac
2026-05-19T20:34:49 update: added dj/只有你是我的缘（DJ默涵版） - 王爱华.flac
2026-05-19T20:34:49 update: added dj/一粒沙(DJ默涵版) - 苏谭谭.flac
2026-05-19T20:34:49 update: added dj/热恋的故乡（DJ默涵版） - 冯海龙.flac
2026-05-19T20:34:49 update: added dj/伤情2025(DJ默涵版) - 丫蛋.flac
2026-05-19T20:34:49 update: added dj/端起酒杯想起（DJ默涵版） - 谢天.flac
2026-05-19T20:34:49 update: added dj/半斤风雨半斤愁（DJ默涵版） - 何金超.flac
2026-05-19T20:34:49 update: added dj/井里的蛤蟆没见过天（DJ默涵版） - 金钰双双.flac
2026-05-19T20:34:49 update: added dj/痴情2025（DJ默涵版） - 金钰双双.flac
2026-05-19T20:34:49 update: added dj/爱你不停息(DJ默涵版) - 影子.flac
2026-05-19T20:34:49 update: added dj/倩影（DJ默涵版） - 陈星华.flac
2026-05-19T20:34:49 update: added dj/如果是前世重逢（DJ默涵版） - 文静.flac
2026-05-19T20:34:49 update: added dj/夜晚那么黑(DJ默涵版) - 韩伊妹.flac
2026-05-19T20:34:49 update: added dj/别伤不该伤的心（DJ默涵版） - 蔷薇团长.flac
2026-05-19T20:34:49 update: added dj/大雪纷飞的寒冬（DJ默涵版） - 刘晓超.flac
2026-05-19T20:34:49 update: added dj/红颜落（DJ默涵版） - 郭淼淼、DJ默涵.flac
2026-05-19T20:34:49 update: added dj/锁情（DJ默涵版） - 王娜.flac
2026-05-19T20:34:49 update: added dj/看雪不是雪看月不是月（DJ默涵版） - 佳佳.flac
2026-05-19T20:34:49 update: added dj/情字那盏灯（DJ默涵女版） - 李英.flac
2026-05-19T20:34:49 update: added dj/花花的世界(DJ默涵版) - 崔伟立.flac
2026-05-19T20:34:49 update: added dj/关掉手机铃声(DJ默涵版) - 亦勋.flac
2026-05-19T20:34:49 update: added dj/敬（DJ默涵版） - 何金超.flac
2026-05-19T20:34:49 update: added dj/带上妹妹的女儿红（DJ默涵版） - 淑瑛.flac
2026-05-19T20:34:49 update: added dj/离开我的依赖（DJ默涵版） - 何欢浪.flac
2026-05-19T20:34:49 update: added dj/你我都在红尘里（DJ默涵版） - 花姐.flac
2026-05-19T20:34:49 update: added dj/哥也很哇塞(DJ默涵版) - 王超然.flac
2026-05-19T20:34:49 update: added dj/让它随风走（DJ默涵版） - 花姐.flac
2026-05-19T20:34:49 update: added dj/火火黄土坡(DJ默涵版） - 冯海龙.flac
2026-05-19T20:34:49 update: added dj/人间一路（DJ默涵版） - 青木时光.flac
2026-05-19T20:34:49 update: added dj/风冷冷的吹（DJ默涵版） (伴奏) - 燕宝儿.flac
2026-05-19T20:34:49 update: added dj/千错万错都是我的错（DJ默涵版） - 王超然.flac
2026-05-19T20:34:49 update: added dj/花开舟曲（DJ默涵版） - 年才让.flac
2026-05-19T20:34:49 update: added dj/落入海底的鲸(DJ默涵版) - 孙艺琪.flac
2026-05-19T20:34:49 update: added dj/下辈子第一个遇见你（DJ默涵版） - 倪尔萍.flac
2026-05-19T20:34:49 update: added dj/时光打碎了承诺（DJ默涵版） - 蔷薇团长.flac
2026-05-19T20:34:49 update: added dj/青山绿水（DJ默涵版） - 王玮、赵婷.flac
2026-05-19T20:34:49 update: added dj/百善孝为先（DJ默涵版） - 马美如.flac
2026-05-19T20:34:49 update: added dj/骑着二八闯天涯（DJ默涵版） - 韩璐.flac
2026-05-19T20:34:49 update: added dj/为你等候为你停留（DJ默涵版） - 影子.flac
2026-05-19T20:34:49 update: added dj/生活就像那一杯苦酒（DJ默涵版） - 米灵.flac
2026-05-19T20:34:49 update: added dj/人生这条路（DJ默涵版） - 黄文文.flac
2026-05-19T20:34:49 update: added dj/等你等到满天雪（DJ默涵版） - 魏佳艺.flac
2026-05-19T20:34:49 update: added dj/爱你永不悔   （DJ默涵版） - 姐不拽.flac
2026-05-19T20:34:49 update: added dj/放下过去忘了你（DJ默涵版） - 王馨.flac
2026-05-19T20:34:49 update: added dj/偷走我的心带走我的爱（DJ默涵版） - 菲儿.flac
2026-05-19T20:34:49 update: added dj/让我带你一起飞（DJ默涵版） - 王爱华.flac
2026-05-19T20:34:49 update: added dj/朋友的酒（DJ默涵版） - DJ默涵、温宇鑫.flac
2026-05-19T20:34:49 update: added dj/谢你（DJ默涵版） - 蔷薇团长.flac
2026-05-19T20:34:49 update: added dj/Where to Go(夜愿英文DJ默涵版) - 七元.flac
2026-05-19T20:34:49 update: added dj/亲嘴嘴（DJ默涵版） - 張敏.flac
2026-05-19T20:34:49 update: added dj/姑娘姑娘你真美（DJ默涵版） - 冯海龙.flac
2026-05-19T20:34:49 update: added dj/粮心（女DJ默涵版） - 金大美.flac
2026-05-19T20:34:49 update: added dj/无畏（DJ默涵版） - 姜钧馨.flac
2026-05-19T20:34:49 update: added dj/老天不负有心人（DJ默涵版） - 冯海龙.flac
2026-05-19T20:34:49 update: added dj/人穷志不短（DJ默涵版） (Remix) - 何金超.flac
2026-05-19T20:34:49 update: added dj/以为（DJ默涵版） - 张崎山.flac
2026-05-19T20:34:49 update: added dj/花心2025(DJ默涵版) - 孙艺琪.flac
2026-05-19T20:34:49 update: added dj/对你犯了错(DJ默涵版) - 郭力.flac
2026-05-19T20:34:49 update: added dj/远方的情人（DJ默涵版） - 门丽.flac
2026-05-19T20:34:49 update: added dj/你来了一阵子（DJ默涵版） - 王超然.flac
2026-05-19T20:34:49 update: added dj/怎么得劲怎么活（DJ默涵版） - 红孩儿.flac
2026-05-19T20:34:49 update: added dj/相思曲 (cover- 宝马茶五) (Live) - 阿木熊松.flac
2026-05-19T20:34:49 update: added dj/春不晚 下江南(DJ默涵版) - 孙艺琪.flac
2026-05-19T20:34:49 update: added dj/风冷冷的吹（DJ默涵版） - 燕宝儿.flac
2026-05-19T20:34:49 update: added dj/闯天涯 2022 （DJ默涵版） - 赵真.flac
2026-05-19T20:34:49 update: added dj/我们结婚了（DJ默涵版） - 海生.flac
2026-05-19T20:34:49 update: added dj/牛马(DJ默涵版) - 崔伟立.flac
2026-05-19T20:34:49 update: added dj/唯有红尘看不透（DJ默涵版） - 王爱华.flac
2026-05-19T20:34:49 update: added dj/心被你霸占（DJ默涵版） - 魏佳艺.flac
2026-05-19T20:34:49 update: added dj/入了魔着了道（DJ默涵版） - 欣宝儿.flac
2026-05-19T20:34:49 update: added dj/开往早晨的午夜(DJ默涵版) - 半吨兄弟.flac
2026-05-19T20:34:49 update: added dj/花衣裳（DJ默涵版） - 冯海龙.flac
2026-05-19T20:34:49 update: added dj/现实不过一樽酒（DJ默涵版） - 王超然.flac
2026-05-19T20:34:49 update: added dj/爱你还没有爱够 (DJ默涵版） - 闫辽艳.flac
2026-05-19T20:34:49 update: added dj/你的身边不再是我 - DJ默涵版 - 李英.flac
2026-05-19T20:34:49 update: added dj/你不想我我想你（DJ默涵版） - 戊道子.flac
2026-05-19T20:34:49 update: added dj/相信我没有错（DJ默涵版） - 贺世哲.flac
2026-05-19T20:34:49 update: added dj/豪情（DJ默涵版） - 罗伊柠.flac
2026-05-19T20:34:49 update: added dj/等妹妹（DJ默涵版） - 贺东.flac
2026-05-19T20:34:49 update: added dj/心上人出嫁（DJ默涵版） - 赵运玲.flac
2026-05-19T20:34:49 update: added dj/带上妹妹的女儿红（DJ默涵对唱版） - 月下思故人、宋小娟.flac
2026-05-19T20:34:49 update: added dj/伤情2025（DJ默涵版） - 张艺迈.flac
2026-05-19T20:34:49 update: added dj/人间独宠（DJ默涵版） - 魏佳艺.flac
2026-05-19T20:34:49 update: added dj/一壶老酒（DJ默涵版） (翻奏- 冯海龙) - 吹音了了.flac
2026-05-19T20:34:49 update: added dj/情已成灰（DJ默涵版） - 刘阳阳.flac
2026-05-19T20:34:49 update: added dj/画你（DJ默涵版） - 乌兰图雅.flac
2026-05-19T20:34:49 update: added dj/又见山里红(DJ默涵版) - 孙艺琪.flac
2026-05-19T20:34:49 update: added dj/情散（DJ默涵版） (Remix) - 王爱华.flac
2026-05-19T20:34:49 update: added dj/你过得还好吗（DJ默涵版） - 燕宝儿.flac
2026-05-19T20:34:49 update: added dj/我不是哪吒我有自己的梦（DJ默涵版） - 李悠扬.flac
2026-05-19T20:34:49 update: added dj/认输一万次（DJ默涵版） - 魏佳艺.flac
2026-05-19T20:34:49 update: added dj/我的小美人儿（DJ默涵版） - 温广.flac
2026-05-19T20:34:49 update: added dj/也许离开是最好的安排（DJ默涵版） - 魏佳艺.flac
2026-05-19T20:34:49 update: added dj/空（DJ默涵版） - 阿厦.flac
2026-05-19T20:34:49 update: added dj/漂亮的新娘帅气的郎（DJ默涵版） - 庄闲.flac
2026-05-19T20:34:49 update: added dj/人生太多无奈（DJ默涵版） - 王超然.flac
2026-05-19T20:34:49 update: added dj/恋上你的人恋上你的吻（DJ默涵版） - 肖雨蒙.flac
2026-05-19T20:34:49 update: added dj/你的身边不再是我 - DJ默涵版 - 郭力.flac
2026-05-19T20:34:49 update: added dj/孤独的飞燕（DJ默涵版） - 同心丐.flac
2026-05-19T20:34:49 update: added dj/红尘无爱红尘无情（DJ默涵版） - 花姐.flac
2026-05-19T20:34:49 update: added dj/烟酒难解人间愁（DJ默涵版） - 佳佳.flac
2026-05-19T20:34:49 update: added dj/喝酒喝到我心碎（DJ默涵版） - 金钰双双.flac
2026-05-19T20:34:49 update: added dj/鬼迷心窍(DJ默涵版) - 半吨兄弟.flac
2026-05-19T20:34:49 update: added dj/万物皆是我(DJ默涵版) - 孙艺琪.flac
2026-05-19T20:34:49 update: added dj/我在哪要去哪（DJ默涵版） - 汤倩.flac
2026-05-19T20:34:49 update: added dj/梦中等着你（DJ默涵版） - 杨晨晖.flac
2026-05-19T20:34:49 update: added dj/陪我过个冬(DJ默涵版) - 韩伊妹.flac
2026-05-19T20:34:49 update: added dj/喊一声我的郎（DJ默涵版） - 影子.flac
2026-05-19T20:34:49 update: added dj/我是农民出身DJ默涵版 - 秋裤大叔.flac
2026-05-19T20:34:49 update: added dj/爱似水仙（DJ默涵版） (DJ版) - 李炳辰.flac
2026-05-19T20:34:49 update: added dj/宝贝你最美（DJ默涵版） - 陈梓豪.flac
2026-05-19T20:34:49 update: added dj/痴情的毒（DJ默涵版） - 苏勒亚其其格.flac
2026-05-19T20:34:49 update: added dj/单身的理由 - DJ默涵版 - 郭力.flac
2026-05-19T20:34:49 update: added dj/姐的人生姐做主-DJ默涵版 - 张婉华.flac
2026-05-19T20:34:49 update: added dj/拉着妹妹的手（DJ默涵版） - 山水组合.flac
2026-05-19T20:34:49 update: added dj/你怎么那么漂亮(DJ默涵版) - 崔伟立.flac
2026-05-19T20:34:49 update: added dj/你尽管善良（DJ 默涵版） - 杨晓霞.flac
2026-05-19T20:34:49 update: added dj/故事很长（DJ默涵版） (Remix) - 郭桐诚、DJ默涵.flac
2026-05-19T20:34:49 update: added dj/逍遥仙（DJ默涵版） - 霍云龙.flac
2026-05-19T20:34:49 update: added dj/信天游（DJ默涵版） - 冯海龙.flac
2026-05-19T20:34:49 update: added dj/一阵野风（DJ默涵版） - 王鑫哲.flac
2026-05-19T20:34:49 update: added dj/天涯任逍遥（DJ默涵版） - 魏佳艺.flac
2026-05-19T20:34:49 update: added dj/人间路（DJ默涵版） - 庄妮.flac
2026-05-19T20:34:49 update: added dj/爱茫茫（DJ默涵版） - 香子.flac
2026-05-19T20:34:49 update: added dj/出人头地(DJ默涵版) - 苏谭谭.flac
2026-05-19T20:34:49 update: added dj/骗人的嘴 (DJ默涵版) - 朱俊卫.flac
2026-05-19T20:34:49 update: added dj/如果酒能解情愁（DJ默涵版） - 魏佳艺.flac
2026-05-19T20:34:49 update: added dj/多想再牵爹娘的手（DJ默涵版） - 欣宝儿.flac
2026-05-19T20:34:49 update: added dj/相思的愁(DJ默涵版) - 影子.flac
2026-05-19T20:34:49 update: added dj/寂寞的小百合(DJ默涵版) - 云菲菲.flac
2026-05-19T20:34:49 update: added dj/是你变了心（DJ默涵版） - 贝拉.flac
2026-05-19T20:34:49 update: added dj/我一想到你（DJ默涵版） - 王馨.flac
2026-05-19T20:34:49 update: added dj/半生相遇半生是你（DJ默涵版） - 前世、雨中百合.flac
2026-05-19T20:34:49 update: added dj/慈母颂（DJ默涵版） - 秋裤大叔.flac
2026-05-19T20:34:49 update: added dj/暖心（DJ默涵版） - 前世、巴昱凯.flac
2026-05-19T20:34:49 update: added dj/别想太多（DJ默涵版） - 王四妹.flac
2026-05-19T20:34:49 update: added dj/玩不起的年纪（DJ默涵版） - 乔艳艳.flac
2026-05-19T20:34:49 update: added dj/听说当初你找过我（DJ默涵版） - 田园.flac
2026-05-19T20:34:49 update: added dj/情话醉过谁（DJ默涵版） - 欧阳尚尚.flac
2026-05-19T20:34:49 update: added dj/我的罗加（DJ默涵版） - 燕宝儿.flac
2026-05-19T20:34:49 update: added dj/故事男人(DJ默涵版) - 陶大帅、付豪.flac
2026-05-19T20:34:49 update: added dj/情话醉过谁（迷人DJ默涵版） - 魏佳艺、蒋蕙林.flac
2026-05-19T20:34:49 update: added dj/喝酒伤胃抽烟伤肺(DJ默涵版) - 郭力.flac
2026-05-19T20:34:49 update: added dj/家花没有野花香（DJ默涵版） - 黄文文.flac
2026-05-19T20:34:49 update: added dj/坚强笨女人（DJ默涵版） - 那艺娜.flac
2026-05-19T20:34:49 update: added dj/相思成网（DJ默涵版） - 金钰双双.flac
2026-05-19T20:34:49 update: added dj/好帅哟 姐姐版（DJ 默涵 Mix) (Remix) - 王蓉.flac
2026-05-19T20:34:49 update: added dj/再醉一次又何妨（DJ默涵版） (Remix) - 张冬玲.flac
2026-05-19T20:34:49 update: added dj/变心的小薇（DJ默涵版） - 刘佳宁.flac
2026-05-19T20:34:49 update: added dj/今生有缘爱上你（DJ默涵版） - 红袖.flac
2026-05-19T20:34:49 update: added dj/爱到深处却分开（DJ默涵版） - 魏佳艺.flac
2026-05-19T20:34:49 update: added dj/小雨滴(DJ默涵版) - 崔伟立、孙艺琪.flac
2026-05-19T20:34:49 update: added dj/煎熬（DJ默涵版） - 王娜.flac
2026-05-19T20:34:49 update: added dj/心上的妹子（DJ默涵版） - 镐天.flac
2026-05-19T20:34:49 update: added dj/真心的人最累（DJ默涵版） - 司徒兰芳.flac
2026-05-19T20:34:49 update: added dj/月亮你不懂（DJ默涵版） - 郭少杰.flac
2026-05-19T20:34:49 update: added dj/掌心之中（DJ默涵版） - 陈雅森.flac
2026-05-19T20:34:49 update: added dj/最亲是娘最爱是妈（DJ默涵版） - 影子.flac
2026-05-19T20:34:49 update: added dj/凌晨两点半（DJ默涵版） - 安嘉语.flac
2026-05-19T20:34:49 update: added dj/黄鹤翔-九妹（DJ默涵版） - 黄鹤翔.flac
2026-05-19T20:34:49 update: added dj/如果真有下辈子(DJ默涵版) - 崔伟立.flac
2026-05-19T20:34:49 update: added dj/千万别说你很牛(DJ默涵版) - 王莎莎.flac
2026-05-19T20:34:49 update: added dj/心上人出嫁（DJ默涵版） - 张强飞.flac
2026-05-19T20:34:49 update: added dj/都怪夜太黑(DJ默涵版) - 花姐.flac
2026-05-19T20:34:49 update: added dj/夜漫漫（女DJ默涵版） - 燕宝儿.flac
2026-05-19T20:34:49 update: added dj/谁的肩膀能收留我的眼泪（DJ默涵版） - 陈瑞.flac
2026-05-19T20:34:49 update: added dj/我给自己斟满酒（DJ默涵版） - 菲儿.flac
2026-05-19T20:34:49 update: added dj/回忆散落一地(DJ默涵版) - 孙艺琪.flac
2026-05-19T20:34:49 update: added dj/无人告诉我（DJ默涵版） - 魏佳艺、DJ默涵.flac
2026-05-19T20:34:49 update: added dj/万千爱恋（DJ默涵版） - 陈瑞.flac
2026-05-19T20:34:49 update: added dj/别说我的眼泪你无所谓（DJ默涵版） - 东来东往.flac
2026-05-19T20:34:49 update: added dj/心被你霸占（DJ默涵版） - 王超然.flac
2026-05-19T20:34:49 update: added dj/你也曾（DJ默涵版） - 刘阳阳.flac
2026-05-19T20:34:49 update: added dj/走西口（DJ默涵版） - 小草李娟.flac
2026-05-19T20:34:49 update: added dj/命运的要求（DJ默涵版） - 苏谭谭.flac
2026-05-19T20:34:49 update: added dj/你许我一世我陪你一生（DJ默涵版） - 苍狼.flac
2026-05-19T20:34:49 update: added dj/我在他乡挺好的  DJ默涵版 - 郑五米.flac
2026-05-19T20:34:49 update: added dj/如果有一天成了陌生人（DJ默涵版） - 佳艺.flac
2026-05-19T20:34:49 update: added dj/残星（DJ默涵版） - 夏七七啊.flac
2026-05-19T20:34:49 update: added dj/品味（DJ默涵版） - 王超然.flac
2026-05-19T20:34:49 update: added dj/心碎忘情汤（DJ默涵版） - 燕宝儿.flac
2026-05-19T20:34:49 update: added dj/不知不觉已过这半生（DJ默涵版） - 冯海龙.flac
2026-05-19T20:34:49 update: added dj/山丹丹映红九十九道梁（DJ默涵版） - 赵运玲.flac
2026-05-19T20:34:49 update: added dj/三生石前求过签（DJ默涵版） - 郭少杰.flac
2026-05-19T20:34:49 update: added dj/2025 我不想再做善良的人（DJ默涵版） - 曾诗涵.flac
2026-05-19T20:34:49 update: added dj/天大地大（DJ默涵版） - 张小丽.flac
2026-05-19T20:34:49 update: added dj/人的这一生（DJ默涵版） - 娟妹子.flac
2026-05-19T20:34:49 update: added dj/最难是爸最不容易是妈（DJ默涵版） - 闫辽艳.flac
2026-05-19T20:34:49 update: added dj/苦酒加糖（DJ默涵版） - 庄妮.flac
2026-05-19T20:34:49 update: added dj/好兄弟 好姑娘(DJ默涵版) - 崔伟立.flac
2026-05-19T20:34:49 update: added dj/似水琉璃（DJ默涵版） - 邵洪.flac
2026-05-19T20:34:49 update: added dj/好不容易遇到你（DJ默涵版） - 年才让.flac
2026-05-19T20:34:49 update: added dj/单人日落（DJ默涵版） - 赖湘文.flac
2026-05-19T20:34:49 update: added dj/我的爸和妈（DJ默涵版） - 小甜瓜.flac
2026-05-19T20:34:49 update: added dj/万水千山已走遍（DJ默涵版） - 秋裤大叔.flac
2026-05-19T20:34:49 update: added dj/好春光（DJ默涵版） (DJ版) - 徐佳一、徐佳禾、吴彤.flac
2026-05-19T20:34:49 update: added dj/心上的人儿你在哪（DJ默涵版） - 娟妹子.flac
2026-05-19T20:34:49 update: added dj/天也不懂情（DJ默涵版） - 魏佳艺.flac
2026-05-19T20:34:49 update: added dj/怨天怨地（DJ默涵版） - 程科.flac
2026-05-19T20:34:49 update: added dj/梦醒又是一场空（DJ默涵版） - 金钰双双.flac
2026-05-19T20:34:49 update: added dj/红尘无爱红尘无情（DJ默涵版） - 郭少杰.flac
2026-05-19T20:34:49 update: added dj/今生等待只为你（DJ默涵版） - 孙媛.flac
2026-05-19T20:34:49 update: added dj/踮起脚尖瞭远方（DJ默涵版） - 张钰宏.flac
2026-05-19T20:34:49 update: added dj/不再打扰（DJ默涵版） - 蔷薇团长.flac
2026-05-19T20:34:49 update: added dj/倾城(DJ默涵版) - 梦里花落、叶时.flac
2026-05-19T20:34:49 update: added dj/亲嘴嘴（DJ默涵MX版） - 冯海龙.flac
2026-05-19T20:34:49 update: added dj/70苦80难（DJ默涵版） - 周毛.flac
2026-05-19T20:34:49 update: added dj/忍痛放开你的手(DJ默涵版) - 郭力.flac
2026-05-19T20:34:49 update: added dj/愿你幸福（DJ默涵版） - 王馨.flac
2026-05-19T20:34:49 update: added dj/心上人出嫁（DJ默涵版） - 郭少杰.flac
2026-05-19T20:34:49 update: added dj/风霜雪雨（DJ默涵版） - 庄公子.flac
2026-05-19T20:34:49 update: added dj/来个小鸡炖蘑菇（DJ默涵版） - 孟宪平、霍云龙.flac
2026-05-19T20:34:49 update: added dj/那时候的我（DJ默涵版） (DJ默涵版) - 路勇.flac
2026-05-19T20:34:49 update: added dj/雪怕太阳草怕霜（DJ默涵版） - 龙江辉.flac
2026-05-19T20:34:49 update: added dj/不能公开的关系DJ（默涵版） - 艺凌.flac
2026-05-19T20:34:49 update: added dj/雪舞翩翩人未还（DJ默涵版） - 胡蜜丹.flac
2026-05-19T20:34:49 update: added dj/爱的太放肆（DJ默涵版） - 韩小欠.flac
2026-05-19T20:34:49 update: added dj/火一样的信天游（DJ默涵版） - 马美如.flac
2026-05-19T20:34:49 update: added dj/养家糊口(DJ默涵版) - 孙小孟.flac
2026-05-19T20:34:49 update: added dj/在这身无分文的年纪（DJ默涵版） - 魏佳艺.flac
2026-05-19T20:34:49 update: added dj/面孔(DJ默涵版) - 崔伟立.flac
2026-05-19T20:34:49 update: added dj/延时海啸（DJ默涵版） - 弋川、墨绛.flac
2026-05-19T20:34:49 update: added dj/从此你和谁（DJ默涵版） - 香子.flac
2026-05-19T20:34:49 update: added dj/爱的解脱（DJ默涵版） - 胡菲.flac
2026-05-19T20:34:49 update: added dj/镜花水月爱茫茫(DJ默涵版） - 玺晨.flac
2026-05-19T20:34:49 update: added dj/格桑梅朵（DJ默涵版） - 年才让.flac
2026-05-19T20:34:49 update: added dj/把悲伤留给自己（DJ默涵版） - 邵洪.flac
2026-05-19T20:34:49 update: added dj/我着了你的道(DJ默涵男声版) - 成学迅.flac
2026-05-19T20:34:49 update: added dj/问风问雨我问你（DJ默涵版） - 红袖.flac
2026-05-19T20:34:49 update: added DJ舞/放手2024（DJ版） - 薇哥Vear.flac
2026-05-19T20:34:49 update: added DJ舞/壮志在我胸 (DJ京仔版) - 半吨兄弟.flac
2026-05-19T20:34:49 update: added DJ舞/再度重相逢 (DJ何友版) - 郭有才.flac
2026-05-19T20:34:49 update: added DJ舞/逃之夭夭 (DJheap九天版) - 张禾禾.flac
2026-05-19T20:34:49 update: added DJ舞/你在他乡还好吗（DJ阿远版） - 庄妮.flac
2026-05-19T20:34:49 update: added DJ舞/最美的情缘 (DJ默涵版) - 魏新雨.flac
2026-05-19T20:34:49 update: added DJ舞/画心（DJ版） - 池鱼.flac
2026-05-19T20:34:49 update: added DJ舞/男朋友 (remix- 刘紫玲) (Remix) - DJ大金、DJ伟然.flac
2026-05-19T20:34:49 update: added DJ舞/离别开出花（DJ弹唱版） - 就是南方凯、DJHZ.flac
2026-05-19T20:34:49 update: added DJ舞/秋风吹起 (DJ热舞版) - 清唯.flac
2026-05-19T20:34:49 update: added DJ舞/小模样 (Dj伟然版) - 关东阿宝.flac
2026-05-19T20:34:49 update: added DJ舞/别为难自己 (DJ默涵版) - 欧阳尚尚.flac
2026-05-19T20:34:49 update: added DJ舞/作酒 (DJ默涵版) - 豆包.flac
2026-05-19T20:34:49 update: added DJ舞/三两三 (DJ默涵版) - 凌丰.flac
2026-05-19T20:34:49 update: added DJ舞/我爱的人你别碰 (DJ默涵版) - 小玟子.flac
2026-05-19T20:34:49 update: added DJ舞/每一步 (DJ) - 流浪痞子.flac
2026-05-19T20:34:49 update: added DJ舞/往事只能回味 (DJ默涵Remix) - 韩宝仪.flac
2026-05-19T20:34:49 update: added DJ舞/女儿情 (DJ版) - 一半心.flac
2026-05-19T20:34:49 update: added DJ舞/漫步人生路 (DJ版) - 王嘉文.flac
2026-05-19T20:34:49 update: added DJ舞/你的样子 (DJheap九天版) - 格格.flac
2026-05-19T20:34:49 update: added DJ舞/诺言 (DJ默涵版) - 花姐.flac
2026-05-19T20:34:49 update: added DJ舞/情路弯弯 (dj阿远版) - 李三妹.flac
2026-05-19T20:34:49 update: added DJ舞/人间半途 (DJ阿卓版) - 刘阳阳.flac
2026-05-19T20:34:49 update: added DJ舞/轻轻的告诉你 (抖音DJ原声版) - MC梦桐.flac
2026-05-19T20:34:49 update: added DJ舞/在他乡 (DJR7版) - 汪六六.flac
2026-05-19T20:34:49 update: added DJ舞/风来听风雨来听雨 (DJ小桐版) - 黄静美.flac
2026-05-19T20:34:49 update: added DJ舞/又见山里红(DJ默涵版) - 孙艺琪.flac
2026-05-19T20:34:49 update: added DJ舞/喝醉以后才明白 (DJ版) - 胡蒎.flac
2026-05-19T20:34:49 update: added DJ舞/出卖我 (DJ版) - Dj年仔.flac
2026-05-19T20:34:49 update: added DJ舞/在他乡 (DJ沈念) - 七叔（叶泽浩）.flac
2026-05-19T20:34:49 update: added DJ舞/姑娘别哭泣 (DJ豪大大版) - 柯柯柯啊.flac
2026-05-19T20:34:49 update: added DJ舞/一曲相思 (DJ版) - 夏婉安.flac
2026-05-19T20:34:49 update: added DJ舞/壮志在我胸 (DJ京仔版) - 桑甜.flac
2026-05-19T20:34:49 update: added DJ舞/爱的暴风雨 (DJ 霄霄粤语版) - 梦涵.flac
2026-05-19T20:34:49 update: added DJ舞/恋曲1990 (DJ默涵版) - 吉萍.flac
2026-05-19T20:34:49 update: added DJ舞/真情永不变 (dj光音坊版) - 花姐.flac
2026-05-19T20:34:49 update: added DJ舞/千年等一回 (DJ博白Dj陈sir版) - 博白Dj陈sir.flac
2026-05-19T20:34:49 update: added DJ舞/万物生 (电子木鱼) - ss.沧川.flac
2026-05-19T20:34:49 update: added DJ舞/画心 (DJ版) - 于春洋.flac
2026-05-19T20:34:49 update: added DJ舞/再度重相逢 (DJ版) - 蓝兰.flac
2026-05-19T20:34:49 update: added /en - 云水谣.flac
2026-05-19T20:34:49 update: added /en - 嚣张.flac
2026-05-19T20:34:49 update: added /en - 暗示分离.flac
2026-05-19T20:34:49 update: added /EnjiA魏恩佳 - 你不在.flac
2026-05-19T20:34:49 update: added /F.I.R.飞儿乐团 - 月牙湾.flac
2026-05-19T20:34:49 update: added /Fitz &amp; The Tantrums - HandClap.flac
2026-05-19T20:34:49 update: added /G-DRAGON、金钟万 - Today (今天).flac
2026-05-19T20:34:49 update: added /G.E.M.邓紫棋 - 倒数.flac
2026-05-19T20:34:49 update: added /G.E.M.邓紫棋 - 光年之外.flac
2026-05-19T20:34:49 update: added /G.E.M.邓紫棋 - 句号.flac
2026-05-19T20:34:49 update: added /G.E.M.邓紫棋 - 我的秘密.flac
2026-05-19T20:34:49 update: added /G.E.M.邓紫棋 - 来自天堂的魔鬼.flac
2026-05-19T20:34:49 update: added /G.E.M.邓紫棋 - 泡沫.flac
2026-05-19T20:34:49 update: added /G.E.M.邓紫棋 - 画 (Live Piano Session Ⅱ).flac
2026-05-19T20:34:49 update: added /G.E.M.邓紫棋 - 透明.flac
2026-05-19T20:34:49 update: added /GAI - 苦行僧 (Live).flac
2026-05-19T20:34:49 update: added /GALA乐队 - 追梦赤子心.flac
2026-05-19T20:34:49 update: added /Hillsong Young &amp; Free - Wake (Studio Version).flac
2026-05-19T20:34:49 update: added /HITA - 赤伶.flac
2026-05-19T20:34:49 update: added /Ice Paper - 心如止水.flac
2026-05-19T20:34:49 update: added /iKON - 사랑을 했다 (LOVE SCENARIO).flac
2026-05-19T20:34:49 update: added /Jam - 七月上.mp3
2026-05-19T20:34:49 update: added /Jennie - SOLO.flac
2026-05-19T20:34:49 update: added /July Tun - 清新的小女孩 (For Ma).flac
2026-05-19T20:34:49 update: added /July-七七 - 爱在日出前.flac
2026-05-19T20:34:49 update: added /Justin Bieber、Ludacris - Baby.flac
2026-05-19T20:34:49 update: added /Katie Sky - Monsters.flac
2026-05-19T20:34:49 update: added /Leessang、ALi - 내가 웃는게 아니야 (我不是在笑).flac
2026-05-19T20:34:49 update: added /Li-2c - 隔岸观火.flac
2026-05-19T20:34:49 update: added /Mad Clown、金娜英 - 다시 너를 (再次见到你).flac
2026-05-19T20:34:49 update: added /Michael Learns to Rock - Take Me To Your Heart.flac
2026-05-19T20:34:49 update: added /Monogem - Wild.flac
2026-05-19T20:34:49 update: added /NCF-艾力 - 黎明前的黑暗 (女声版).flac
2026-05-19T20:34:49 update: added new/半蹲兄弟 - 诺言.flac
2026-05-19T20:34:49 update: added new/陈玉建 - 后海酒吧.flac
2026-05-19T20:34:49 update: added new/孙艺琪 - 伤心的酒吧.flac
2026-05-19T20:34:49 update: added /Of Monsters And Men - Your Bones.flac
2026-05-19T20:34:49 update: added /Owl City、Carly Rae Jepsen - Good Time.flac
2026-05-19T20:34:49 update: added /Pascal Letoublon - Friendships.flac
2026-05-19T20:34:49 update: added /Raim、Artù、Adil - Симпа.flac
2026-05-19T20:34:49 update: added /Selena Gomez、Marshmello - Wolves.flac
2026-05-19T20:34:49 update: added /SISTAR - 해볼래 (试试看).flac
2026-05-19T20:34:49 update: added /Superluckyqi - 直觉 (完整版).flac
2026-05-19T20:34:49 update: added /T-ara - DAY BY DAY (一天一天).flac
2026-05-19T20:34:49 update: added /Tanir、Tyomcha - Da Da Da (Jarico Remix).flac
2026-05-19T20:34:49 update: added /Taylor Swift - I Knew You Were Trouble.flac
2026-05-19T20:34:49 update: added /Taylor Swift - Love Story.flac
2026-05-19T20:34:49 update: added /The Chainsmokers、Coldplay - Something Just Like This.flac
2026-05-19T20:34:49 update: added /The Tech Thieves - Fake.flac
2026-05-19T20:34:49 update: added /Tiger JK、Jinsil - Reset (重置).mp3
2026-05-19T20:34:49 update: added /Timbaland、OneRepublic - Apologize.flac
2026-05-19T20:34:49 update: added /Tones And I - Dance Monkey.flac
2026-05-19T20:34:49 update: added /Twinbed - Trouble I&039;m In.mp3
2026-05-19T20:34:49 update: added /Two Steps From Hell - Victory.flac
2026-05-19T20:34:49 update: added /Uu - 那女孩对我说 (完整版).flac
2026-05-19T20:34:49 update: added /Vicetone、Cozi Zuehlsdorff - Nevada.flac
2026-05-19T20:34:49 update: added /Vicetone、Cozi Zuehlsdorff - Way Back.flac
2026-05-19T20:34:49 update: added /Vicetone、Meron Ryan - Walk Thru Fire.flac
2026-05-19T20:34:49 update: added /Wiz Khalifa、Charlie Puth - See You Again.flac
2026-05-19T20:34:49 update: added /Zealot周星星 - 流离.flac
2026-05-19T20:34:49 update: added /ラムジ - PLANET (行星).flac
2026-05-19T20:34:49 update: added /丁当 - 猜不透.flac
2026-05-19T20:34:49 update: added /丁芙妮 - 只是太爱你.flac
2026-05-19T20:34:49 update: added /七星 - 佛说.flac
2026-05-19T20:34:49 update: added /七音盒 - 炸山姑娘.flac
2026-05-19T20:34:49 update: added /东城卫 - 够爱.flac
2026-05-19T20:34:49 update: added /东方晴儿 - 再见吧我最爱的你.flac
2026-05-19T20:34:49 update: added /丫蛋蛋换个心情做自己、崔铭嘉 - 口是心非.flac
2026-05-19T20:34:49 update: added /丸子呦 - 广寒宫.flac
2026-05-19T20:34:49 update: added /乌兰托娅 - 火红的萨日朗 (原版).flac
2026-05-19T20:34:49 update: added /乐童音乐家 - DINOSAUR (恐龙).flac
2026-05-19T20:34:49 update: added /于嘉乐 - 逃爱.flac
2026-05-19T20:34:49 update: added /于文文 - 体面.flac
2026-05-19T20:34:49 update: added /于果 - 侧脸.flac
2026-05-19T20:34:49 update: added /于洋 - 望爱却步.flac
2026-05-19T20:34:49 update: added /云朵 - 我的楼兰.flac
2026-05-19T20:34:49 update: added /云菲菲 - 殇雪.flac
2026-05-19T20:34:50 update: added /付飞社 - 爹娘的恩情还不够.flac
2026-05-19T20:34:50 update: added /任嘉伦 - 心墙.flac
2026-05-19T20:34:50 update: added /任然 - 后继者.flac
2026-05-19T20:34:50 update: added /任然 - 无人之岛.flac
2026-05-19T20:34:50 update: added /伤帅、安儿陈 - 不爱我就别伤害我.mp3
2026-05-19T20:34:50 update: added /伯贤 - 너를 사랑하고 있어.flac
2026-05-19T20:34:50 update: added /佐梦圆、叶雨岑 - 无敌小可爱.flac
2026-05-19T20:34:50 update: added /何野 - 天亮以前说再见.flac
2026-05-19T20:34:50 update: added /你莫走 - 山水组合.flac
2026-05-19T20:34:50 update: added /倪尔萍 - 有一种思念叫永远.flac
2026-05-19T20:34:50 update: added /光头华夏 - 无期.flac
2026-05-19T20:34:50 update: added /六哲 - 朋友名义.flac
2026-05-19T20:34:50 update: added /冯提莫 - 佛系少女.flac
2026-05-19T20:34:50 update: added /冷漠 - 逃不开躲不过.flac
2026-05-19T20:34:50 update: added /凤凰传奇 - 我从草原来.flac
2026-05-19T20:34:50 update: added /凤飞飞 - 追梦人.flac
2026-05-19T20:34:50 update: added /刀郎 - 冲动的惩罚.flac
2026-05-19T20:34:50 update: added /刀郎 - 手心里的温柔.flac
2026-05-19T20:34:50 update: added /刀郎 - 西海情歌.flac
2026-05-19T20:34:50 update: added /刘刚 - 怀念青春.flac
2026-05-19T20:34:50 update: added /刘嘉亮 - 美丽女人.flac
2026-05-19T20:34:50 update: added /刘子璇 - 嘴巴嘟嘟.flac
2026-05-19T20:34:50 update: added /刘宪华Henry - Trap (陷阱)(English Ver.).flac
2026-05-19T20:34:50 update: added /刘德华 - 恭喜发财.flac
2026-05-19T20:34:50 update: added /刘德华 - 等你忘了我是谁.flac
2026-05-19T20:34:50 update: added /刘心 - 好几年.flac
2026-05-19T20:34:50 update: added /刘惜君 - 菩提偈.flac
2026-05-19T20:34:50 update: added /刘珂矣 - 风筝误.flac
2026-05-19T20:34:50 update: added /刘若英 - 原来你也在这里.flac
2026-05-19T20:34:50 update: added /刘若英 - 后来.flac
2026-05-19T20:34:50 update: added /半吨兄弟 - 爱情错觉.flac
2026-05-19T20:34:50 update: added /半吨兄弟 - 飞蛾扑火.flac
2026-05-19T20:34:50 update: added /半阳 - 一曲相思.flac
2026-05-19T20:34:50 update: added /半阳 - 流浪.flac
2026-05-19T20:34:50 update: added /华语群星 - 少林英雄.flac
2026-05-19T20:34:50 update: added /南征北战NZBZ - 哈尼宝贝.flac
2026-05-19T20:34:50 update: added /叶炫清 - 九张机.flac
2026-05-19T20:34:50 update: added /叶炫清 - 归去来兮.flac
2026-05-19T20:34:50 update: added /叶筱萱、亚喃 - 不爱我就别伤害我.flac
2026-05-19T20:34:50 update: added /司南 - 冬眠.flac
2026-05-19T20:34:50 update: added /吉克隽逸 - 现在的我.flac
2026-05-19T20:34:50 update: added /周传雄 - 青花.flac
2026-05-19T20:34:50 update: added /周华健 - 少年 (Live).flac
2026-05-19T20:34:50 update: added /周思涵 - 备爱.flac
2026-05-19T20:34:50 update: added /周思涵 - 过客.flac
2026-05-19T20:34:50 update: added /周思涵、Ayo97 - 感谢你曾来过.flac
2026-05-19T20:34:50 update: added /周杰伦 - 一路向北.flac
2026-05-19T20:34:50 update: added /周杰伦 - 七里香.flac
2026-05-19T20:34:50 update: added /周杰伦 - 东风破.flac
2026-05-19T20:34:50 update: added /周杰伦 - 听妈妈的话.flac
2026-05-19T20:34:50 update: added /周杰伦 - 告白气球.flac
2026-05-19T20:34:50 update: added /周杰伦 - 夜曲.flac
2026-05-19T20:34:50 update: added /周杰伦 - 断了的弦.flac
2026-05-19T20:34:50 update: added /周杰伦 - 晴天.flac
2026-05-19T20:34:50 update: added /周杰伦 - 烟花易冷.flac
2026-05-19T20:34:50 update: added /周杰伦 - 甜甜的.flac
2026-05-19T20:34:50 update: added /周杰伦 - 稻香.flac
2026-05-19T20:34:50 update: added /周杰伦 - 给我一首歌的时间.flac
2026-05-19T20:34:50 update: added /周杰伦 - 花海.flac
2026-05-19T20:34:50 update: added /周杰伦 - 霍元甲.flac
2026-05-19T20:34:50 update: added /周杰伦 - 青花瓷.flac
2026-05-19T20:34:50 update: added /周杰伦、Lara梁心颐 - 珊瑚海.flac
2026-05-19T20:34:50 update: added /周杰伦、杨瑞代 - 爱的飞行日记.flac
2026-05-19T20:34:50 update: added /周深 - 愿.flac
2026-05-19T20:34:50 update: added /周笔畅 - 最美的期待.flac
2026-05-19T20:34:50 update: added /周青玦 - 直觉 (完整版).flac
2026-05-19T20:34:50 update: added /喻言家 - 穷极一生到不了的天堂.flac
2026-05-19T20:34:50 update: added /夏天Alex - 不再联系.flac
2026-05-19T20:34:50 update: added /夏艺韩 - 上山.flac
2026-05-19T20:34:50 update: added /大壮 - 伪装.flac
2026-05-19T20:34:50 update: added /大壮 - 差一步.flac
2026-05-19T20:34:50 update: added /大壮 - 我们不一样.flac
2026-05-19T20:34:50 update: added /大张伟 - 我怎么这么好看.flac
2026-05-19T20:34:50 update: added /大张伟 - 阳光彩虹小白马.flac
2026-05-19T20:34:50 update: added /大欢 - 多年以后.flac
2026-05-19T20:34:50 update: added /天蝎丹 - 你的世界到底有了谁 (女版).flac
2026-05-19T20:34:50 update: added /姜玉阳 - 丢了幸福的猪.flac
2026-05-19T20:34:50 update: added /娜美 - 醉仙美.flac
2026-05-19T20:34:50 update: added /孙艺琪、崔伟立 - 怎么爱都爱不够 (DJ何鹏版).flac
2026-05-19T20:34:50 update: added /孙语赛、萧全 - 不仅仅是喜欢.flac
2026-05-19T20:34:50 update: added /季彦霖 - 选择失忆.flac
2026-05-19T20:34:50 update: added /孤独诗人 - 渡我不渡她.flac
2026-05-19T20:34:50 update: added /安悦溪 - 当你 (Live).flac
2026-05-19T20:34:50 update: added /宋冬野 - 安和桥.flac
2026-05-19T20:34:50 update: added /宋雅萌 - 好几年 (个性女烟嗓).flac
2026-05-19T20:34:50 update: added /宋雅萌 - 桥边姑娘 (女声版).flac
2026-05-19T20:34:50 update: added /宝石Gem - 野狼disco.flac
2026-05-19T20:34:50 update: added /宝石Gem、陈伟霆 - 野狼Disco.flac
2026-05-19T20:34:50 update: added /容祖儿 - 小小.flac
2026-05-19T20:34:50 update: added /容祖儿 - 这就是爱吗.flac
2026-05-19T20:34:50 update: added /寂悸、蒋蕙林 - 非常后悔爱过你.flac
2026-05-19T20:34:50 update: added /小倩 - 比悲伤更悲伤的故事.flac
2026-05-19T20:34:50 update: added /小咪 - 即兴.flac
2026-05-19T20:34:50 update: added /小咪 - 我走后.flac
2026-05-19T20:34:50 update: added /小峰峰(陈峰)、小潘潘(潘柚彤) - 学猫叫.flac
2026-05-19T20:34:50 update: added /小曼 - 只要你还需要我.flac
2026-05-19T20:34:50 update: added /小海燕少年合唱团 - 我和我的祖国.flac
2026-05-19T20:34:50 update: added /小爱与花儿乐队 - 哎呀呀.flac
2026-05-19T20:34:50 update: added /小瑞、傲娇周 - 唯美六神 (DJ版).flac
2026-05-19T20:34:50 update: added /小阿七 - 不谓侠.flac
2026-05-19T20:34:50 update: added /小阿七 - 那女孩对我说 (正式版).flac
2026-05-19T20:34:50 update: added /小阿枫 - 我只在乎你 (正式版).flac
2026-05-19T20:34:50 update: added /小阿枫 - 我要找到你.flac
2026-05-19T20:34:50 update: added /小阿枫 - 最远的你是我最近的爱.flac
2026-05-19T20:34:50 update: added /小阿枫 - 潮湿的心.flac
2026-05-19T20:34:50 update: added /小阿枫 - 爱江山更爱美人.flac
2026-05-19T20:34:50 update: added /小阿枫 - 盛夏的果实.mp3
2026-05-19T20:34:50 update: added /小阿枫 - 错过的情人 (完整版).mp3
2026-05-19T20:34:50 update: added /尚士达 - 生而为人.flac
2026-05-19T20:34:50 update: added /展展与罗罗 - 沙漠骆驼.flac
2026-05-19T20:34:50 update: added /岑宁儿 - 追光者.flac
2026-05-19T20:34:50 update: added /崔伟立 - 情火.flac
2026-05-19T20:34:50 update: added /崔伟立 - 酒醉的蝴蝶.flac
2026-05-19T20:34:50 update: added /崔伟立、孙艺琪 - 酒醉的蝴蝶 (对唱版).flac
2026-05-19T20:34:50 update: added /巫启贤 - 思念谁.flac
2026-05-19T20:34:50 update: added /常艾非 - 刺心.flac
2026-05-19T20:34:50 update: added /平凡的艾岩 - 欠我个未来.flac
2026-05-19T20:34:50 update: added /广东雨神 - 广东爱情故事.mp3
2026-05-19T20:34:50 update: added /广东雨神、许华升 - 陪你到底.flac
2026-05-19T20:34:50 update: added /庄心妍 - 为情所伤.flac
2026-05-19T20:34:50 update: added /庄心妍 - 以后的以后.flac
2026-05-19T20:34:50 update: added /庄心妍 - 再见只是陌生人.flac
2026-05-19T20:34:50 update: added /庄心妍 - 走着走着就散了.flac
2026-05-19T20:34:50 update: added /廖晶 - 爱情小丑.flac
2026-05-19T20:34:50 update: added /张信哲 - 信仰.flac
2026-05-19T20:34:50 update: added /张信哲 - 别怕我伤心.flac
2026-05-19T20:34:50 update: added /张北北 - 拥抱你离去 (DJ何鹏版).flac
2026-05-19T20:34:50 update: added /张北北 - 拥抱你离去.flac
2026-05-19T20:34:50 update: added /张卫 - 机器铃 砍菜刀.flac
2026-05-19T20:34:50 update: added /张叶蕾 - 还是分开.flac
2026-05-19T20:34:50 update: added /张宇 - 给你们.flac
2026-05-19T20:34:50 update: added /张小九 - 余香.flac
2026-05-19T20:34:50 update: added /张惠妹 - 我最亲爱的.flac
2026-05-19T20:34:50 update: added /张慧清、左宏元 - 渡情.flac
2026-05-19T20:34:50 update: added /张振轩、蕾蕾的小麦霸们 - 赢在江湖 (童声版).flac
2026-05-19T20:34:50 update: added /张敬轩 - 只是太爱你.flac
2026-05-19T20:34:50 update: added /张晓棠 - 苏幕遮.flac
2026-05-19T20:34:50 update: added /张杰 - 天下 (Live).flac
2026-05-19T20:34:50 update: added /张杰 - 星星 (Live).flac
2026-05-19T20:34:50 update: added /张杰 - 逆战.flac
2026-05-19T20:34:50 update: added /张泽熙 - 那个女孩.mp3
2026-05-19T20:34:50 update: added /张紫豪 - 可不可以.flac
2026-05-19T20:34:50 update: added /张芸京 - 偏爱.flac
Warning: Xing stream size off by more than 1%, fuzzy seeking may be even more fuzzy than by design!
2026-05-19T20:34:50 update: added /张靓颖 - 我的梦.mp3
2026-05-19T20:34:50 update: added /张韶涵 - 欧若拉.flac
2026-05-19T20:34:50 update: added /张韶涵 - 淋雨一直走.flac
2026-05-19T20:34:50 update: added /张韶涵 - 阿刁 (Live).flac
2026-05-19T20:34:50 update: added /张韶涵、肖战 - Faded (Live).flac
2026-05-19T20:34:50 update: added /弦子 - 天空之外.flac
2026-05-19T20:34:50 update: added /徐秉龙、沈以诚 - 白羊.flac
2026-05-19T20:34:50 update: added /徐誉滕 - 等一分钟.mp3
2026-05-19T20:34:50 update: added /慕容晓晓 - 黄梅戏.flac
2026-05-19T20:34:50 update: added /戚薇、俊昊 - 你是对的人.flac
2026-05-19T20:34:50 update: added /戴佩妮 - 怎样.flac
2026-05-19T20:34:50 update: added /戴琳 - 你说北方有我.flac
2026-05-19T20:34:50 update: added /房东的猫 - 我可以.flac
2026-05-19T20:34:50 update: added /承利 - 摩托摇.flac
2026-05-19T20:34:50 update: added /摩登兄弟刘宇宁、Lil Ghost小鬼-王琳凯 - 烟花易冷 (Live).flac
2026-05-19T20:34:50 update: added /新乐尘符 - 123我爱你.flac
2026-05-19T20:34:50 update: added /方雅贤 - 遇到.flac
2026-05-19T20:34:50 update: added /时光胶囊 - 青丝.mp3
2026-05-19T20:34:50 update: added /易烊千玺 - 大城小爱 (Live).flac
2026-05-19T20:34:50 update: added /易烊千玺 - 被驯服的象 (Live).flac
2026-05-19T20:34:50 update: added /昭宥、郑基高、Lil Boi - 썸 (暧昧).flac
2026-05-19T20:34:50 update: added /曲肖冰 - 太阳 (正式版).flac
2026-05-19T20:34:50 update: added /曹越 - 你的眼角流着我的泪.flac
2026-05-19T20:34:50 update: added /曾沛慈 - 一个人想着一个人.flac
2026-05-19T20:34:50 update: added /李乐乐 - 失去爱的城市 (最新版).flac
2026-05-19T20:34:50 update: added /李克勤、周深 - 大会堂演奏厅 (Live).flac
2026-05-19T20:34:50 update: added /李冰 - 你是我唯一的执着.flac
2026-05-19T20:34:50 update: added /李学仕 - 直觉.flac
2026-05-19T20:34:50 update: added /李宝蓝 - 처음 그 자리에 (最初的位置).mp3
2026-05-19T20:34:50 update: added /李常超 - 盗墓笔记·十年人间.mp3
2026-05-19T20:34:50 update: added /李昕融（ariel  li）、樊桐舟、李凯稠 - 你笑起来真好看.flac
2026-05-19T20:34:50 update: added /李玉刚 - 刚好遇见你.flac
2026-05-19T20:34:50 update: added /李玉刚 - 水墨丹青.flac
2026-05-19T20:34:50 update: added /李玉刚 - 清明上河图.flac
2026-05-19T20:34:50 update: added /李秉成 - 只为你着迷.flac
2026-05-19T20:34:50 update: added /李荣浩 - 年少有为.flac
2026-05-19T20:34:50 update: added /李荣浩 - 李白.mp3
2026-05-19T20:34:50 update: added /李荣浩 - 麻雀.flac
2026-05-19T20:34:50 update: added /李袁杰 - 离人愁.flac
2026-05-19T20:34:50 update: added /李袁杰 - 醉千年.flac
2026-05-19T20:34:50 update: added /李雨桐 - 左手指月.mp3
2026-05-19T20:34:50 update: added /杨千嬅 - 处处吻.flac
2026-05-19T20:34:50 update: added /杨坤 - 空城.flac
2026-05-19T20:34:50 update: added /杨坤、郭采洁 - 答案.flac
2026-05-19T20:34:50 update: added /杨宗纬 - 红尘来去一场梦 (Live).flac
2026-05-19T20:34:50 update: added /杨宗纬、张碧晨 - 凉凉.flac
2026-05-19T20:34:50 update: added /杨小壮 - 一个人挺好.flac
2026-05-19T20:34:50 update: added /杨小壮 - 再也不是你.flac
2026-05-19T20:34:50 update: added /杨小壮 - 我承认我自卑.flac
2026-05-19T20:34:50 update: added /杨小壮 - 逞强.flac
2026-05-19T20:34:50 update: added /杨胖雨 - 情深深雨濛濛.flac
2026-05-19T20:34:50 update: added /杨胖雨 - 这就是爱吗.flac
2026-05-19T20:34:50 update: added /杨虹 - 夜游大唐城.flac
2026-05-19T20:34:50 update: added /杨顺高、凯小晴 - 不爱我就别伤害我.flac
2026-05-19T20:34:50 update: added /杭娇 - 听心 (DJ何鹏版).flac
2026-05-19T20:34:50 update: added /杭娇 - 听心.flac
2026-05-19T20:34:50 update: added /林俊呈 - 东西.flac
2026-05-19T20:34:50 update: added /林俊杰 - 不为谁而作的歌.flac
2026-05-19T20:34:50 update: added /林俊杰 - 关键词.flac
2026-05-19T20:34:50 update: added /林俊杰 - 那些你很冒险的梦.flac
2026-05-19T20:34:50 update: added /林俊杰 - 醉赤壁.flac
2026-05-19T20:34:50 update: added /林忆莲 - 为你我受冷风吹.flac
2026-05-19T20:34:50 update: added /枯木逢春 - 这一生关于你的风景.flac
2026-05-19T20:34:50 update: added /校长(张驰) - 带你去旅行.flac
2026-05-19T20:34:50 update: added /梁博 - 出现又离开 (Live).flac
2026-05-19T20:34:50 update: added /梦然 - 没有你陪伴真的好孤单.flac
2026-05-19T20:34:50 update: added /棉子 - 勇气.flac
2026-05-19T20:34:50 update: added /欧阳菲菲 - 感恩的心.flac
2026-05-19T20:34:50 update: added /正云 - 不变的情缘.flac
2026-05-19T20:34:50 update: added /毛不易 - 不染 (Live).flac
2026-05-19T20:34:50 update: added /毛不易 - 借 (Live).flac
2026-05-19T20:34:50 update: added /毛不易 - 像我这样的人 (Live).flac
2026-05-19T20:34:50 update: added /毛不易 - 消愁 (Live).flac
2026-05-19T20:34:50 update: added /毛不易 - 牧马城市.flac
2026-05-19T20:34:50 update: added /汤潮 - 妈妈我想你.flac
2026-05-19T20:34:50 update: added /汪苏泷 - 一笑倾城.flac
2026-05-19T20:34:50 update: added /汪苏泷、徐良 - 后会无期.flac
2026-05-19T20:34:50 update: added /沈宁 - 还有多少个十年 (励志版).flac
2026-05-19T20:34:50 update: added /沈末 - 喝醉了就会想你.flac
2026-05-19T20:34:50 update: added /沈末 - 错位.flac
2026-05-19T20:34:50 update: added /沈谧仁、奇然 - 琵琶行.mp3
2026-05-19T20:34:50 update: added /河狸村的小伙伴们 - 剪刀石头布.mp3
2026-05-19T20:34:50 update: added /流浪兄弟 - 孤独的人呐.flac
2026-05-19T20:34:50 update: added /海伦 - 她很孤独.flac
2026-05-19T20:34:50 update: added /海伦 - 桥边姑娘.flac
2026-05-19T20:34:50 update: added /海来阿木 - 阿果吉曲.flac
2026-05-19T20:34:50 update: added /海来阿木、阿呷拉古、曲比阿且 - 别知己.flac
2026-05-19T20:34:50 update: added /海鸣威 - 你的承诺.flac
2026-05-19T20:34:50 update: added /海鸣威、吴琼 - 老人与海.flac
2026-05-19T20:34:50 update: added /潘玮柏、苏芮 - 我想更懂你.flac
2026-05-19T20:34:50 update: added /火箭少女101 - 卡路里.flac
2026-05-19T20:34:50 update: added /灿烈、Punch - Stay With Me.flac
2026-05-19T20:34:50 update: added /焦迈奇 - 我的名字.flac
2026-05-19T20:34:50 update: added /牟凡 - 爱的哲学.flac
2026-05-19T20:34:50 update: added /王七七 - 我愿意平凡的陪在你身旁.flac
2026-05-19T20:34:50 update: added /王丽坤、朱亚文 - 漂洋过海来看你.flac
2026-05-19T20:34:50 update: added /王亚东 - 绝不会放过.flac
2026-05-19T20:34:50 update: added /王佳杨 - 孤独.flac
2026-05-19T20:34:50 update: added /王佳杨 - 遗憾.flac
2026-05-19T20:34:50 update: added /王冕 - 勉为其难.flac
2026-05-19T20:34:50 update: added /王力宏、谭维维 - 缘分一道桥.flac
2026-05-19T20:34:50 update: added /王北车 - 陷阱.flac
2026-05-19T20:34:50 update: added /王大毛 - 去年夏天.flac
2026-05-19T20:34:50 update: added /王天戈 - 心安理得.flac
2026-05-19T20:34:50 update: added /王婧、老狼 - 想把我唱给你听.flac
2026-05-19T20:34:50 update: added /王小乱 - 不挽留没回头.flac
2026-05-19T20:34:50 update: added /王小帅 - 不是因为寂寞才想你.flac
2026-05-19T20:34:50 update: added /王小帅 - 我爱他.flac
2026-05-19T20:34:50 update: added /王小帅 - 最近 (正式版).flac
2026-05-19T20:34:50 update: added /王心凌 - 大眠.mp3
2026-05-19T20:34:50 update: added /王心雅 - 一剪梅 (DJ版).flac
2026-05-19T20:34:50 update: added /王恰恰 - 撕夜.flac
2026-05-19T20:34:50 update: added /王杰 - 不浪漫罪名.flac
2026-05-19T20:34:50 update: added /王梓钰、陈文辉 - 如果的事.mp3
2026-05-19T20:34:50 update: added /王琪 - 万爱千恩.flac
2026-05-19T20:34:50 update: added /王琪 - 可可托海的牧羊人.flac
2026-05-19T20:34:50 update: added /王琪 - 站着等你三千年.flac
2026-05-19T20:34:50 update: added /王琪 - 送亲.flac
2026-05-19T20:34:50 update: added /王童语 - 丫头.flac
2026-05-19T20:34:50 update: added /王绎龙 - 电音之王.flac
2026-05-19T20:34:50 update: added /王翼焱 - 这扯淡的人生.flac
2026-05-19T20:34:50 update: added /王茗 - 大眠 (男声版).flac
2026-05-19T20:34:50 update: added /王贰浪 - 像鱼.flac
2026-05-19T20:34:50 update: added /王雨笙 - 不爱我就别伤害我 (DJ版).mp3
2026-05-19T20:34:50 update: added /玖月奇迹 - 中国范儿.flac
2026-05-19T20:34:50 update: added /田一龙 - 用心爱你你不懂.mp3
2026-05-19T20:34:50 update: added /田馥甄 - 魔鬼中的天使.flac
2026-05-19T20:34:50 update: added /画词戏子 - 把孤独当作晚餐.flac
2026-05-19T20:34:50 update: added /白小白 - 最后我们没在一起.flac
2026-05-19T20:34:50 update: added /白小白 - 最美情侣.flac
2026-05-19T20:34:50 update: added /白小白、球球 - 宠爱吖.flac
2026-05-19T20:34:50 update: added /祁隆、乐凡 - 等你等了那么久.flac
2026-05-19T20:34:50 update: added /秋裤大叔 - 一晃就老了 (DJ何鹏版).flac
2026-05-19T20:34:50 update: added /秋裤大叔 - 一晃就老了.flac
2026-05-19T20:34:50 update: added /程jiajia - 山楂树の恋.flac
2026-05-19T20:34:50 update: added /程响 - 世界这么大还是遇见你.flac
2026-05-19T20:34:50 update: added /程响 - 怎么能忘了.flac
2026-05-19T20:34:50 update: added /童珺 - 这就是爱吗 (温柔女声版).flac
2026-05-19T20:34:50 update: added /等什么君 - 关山酒.flac
2026-05-19T20:34:50 update: added /等什么君 - 慕夏.flac
2026-05-19T20:34:50 update: added /等什么君 - 辞九门回忆.flac
2026-05-19T20:34:50 update: added /等什么君 - 陌路逢君.flac
2026-05-19T20:34:50 update: added /筷子兄弟 - 小苹果.flac
2026-05-19T20:34:50 update: added /筷子兄弟 - 父亲.flac
2026-05-19T20:34:50 update: added /筷子兄弟 - 老男孩.flac
2026-05-19T20:34:50 update: added /纳兰珠儿、高安 - 花桥流水.flac
2026-05-19T20:34:50 update: added /罗大佑 - 你的样子.flac
2026-05-19T20:34:50 update: added /肖战 - 竹石 (Live).flac
2026-05-19T20:34:50 update: added /肖战 - 阳光下的星星 (Live).flac
2026-05-19T20:34:50 update: added /胜屿 - 欧若拉 (正式版).flac
2026-05-19T20:34:50 update: added /胡66 - 空空如也.flac
2026-05-19T20:34:50 update: added /胡66、单色凌 - 浪人琵琶.flac
2026-05-19T20:34:50 update: added /胡夏、郁可唯 - 知否知否.flac
2026-05-19T20:34:50 update: added /胡彦斌 - 你要的全拿走.flac
2026-05-19T20:34:50 update: added /花姐 - 夜之光.flac
2026-05-19T20:34:50 update: added /花姐 - 狂浪.flac
2026-05-19T20:34:50 update: added /苏勒亚其其格 - 拉萨夜雨.flac
2026-05-19T20:34:50 update: added /苏芮 - 酒干倘卖无.flac
2026-05-19T20:34:50 update: added /范炜与程渤智 - 西安人的歌.flac
2026-05-19T20:34:50 update: added /范茹 - 这就是爱吗 (空灵女声版).flac
2026-05-19T20:34:50 update: added /茄子蛋 - 浪子回头.flac
2026-05-19T20:34:50 update: added /莫文蔚 - 慢慢喜欢你.flac
2026-05-19T20:34:50 update: added /莫文蔚 - 盛夏的果实.flac
2026-05-19T20:34:50 update: added /莫籽 - 有可能的夜晚.flac
2026-05-19T20:34:50 update: added /萌萌哒天团 - 帝都.flac
2026-05-19T20:34:50 update: added /萧全 - 海草舞.flac
2026-05-19T20:34:50 update: added /萧全 - 社会摇.flac
2026-05-19T20:34:50 update: added /葛东琪 - 悬溺.flac
2026-05-19T20:34:50 update: added /董真 - 繁花.flac
2026-05-19T20:34:50 update: added /蒋婴 - 酒醉的雨滴.flac
2026-05-19T20:34:50 update: added /蒋蒋、曲肖冰 - 当真.flac
2026-05-19T20:34:50 update: added /蒋雪儿 - 爱河 (DJ版).mp3
2026-05-19T20:34:50 update: added /蒋雪儿 - 爱河.flac
2026-05-19T20:34:50 update: added /蒋雪儿 - 莫问归期.flac
2026-05-19T20:34:50 update: added /蒋雪儿 - 谁在意我流下的泪.mp3
2026-05-19T20:34:50 update: added /蓝心羽 - 寂寞烟火.flac
2026-05-19T20:34:50 update: added /蔡依林 - 说爱你.flac
2026-05-19T20:34:50 update: added /蔡健雅 - 红色高跟鞋.flac
2026-05-19T20:34:50 update: added /薛之谦 - 丑八怪.flac
2026-05-19T20:34:50 update: added /薛之谦 - 你还要我怎样.flac
2026-05-19T20:34:50 update: added /薛之谦 - 刚刚好.flac
2026-05-19T20:34:50 update: added /薛之谦 - 动物世界.flac
2026-05-19T20:34:50 update: added /薛之谦 - 演员.flac
2026-05-19T20:34:50 update: added /虎二 - 不仅仅是喜欢.flac
2026-05-19T20:34:50 update: added /虎二 - 你一定要幸福.flac
2026-05-19T20:34:50 update: added /虎二 - 你应该很快乐.flac
2026-05-19T20:34:50 update: added /街道办GDC、欧阳耀莹 - 春娇与志明.flac
2026-05-19T20:34:50 update: added /袁娅维 - 说散就散.flac
2026-05-19T20:34:50 update: added /西柚 - 爱过你这件事.flac
2026-05-19T20:34:50 update: added /要不要买菜 - 下山.flac
2026-05-19T20:34:50 update: added /要不要买菜 - 多情种.mp3
2026-05-19T20:34:50 update: added /要不要买菜 - 火红的萨日朗.flac
2026-05-19T20:34:50 update: added /许佳慧 - 预谋.flac
2026-05-19T20:34:50 update: added /许嵩 - 有何不可.flac
2026-05-19T20:34:50 update: added /许嵩 - 玫瑰花的葬礼.mp3
2026-05-19T20:34:50 update: added /许嵩 - 雅俗共赏.flac
2026-05-19T20:34:50 update: added /许巍 - 曾经的你.flac
2026-05-19T20:34:50 update: added /谢军 - 山谷里的思念.flac
2026-05-19T20:34:50 update: added /谢霆锋 - 谢谢你的爱1999.flac
2026-05-19T20:34:50 update: added /谭艳 - 光明.flac
2026-05-19T20:34:50 update: added /贰婶 - 哪吒.flac
2026-05-19T20:34:50 update: added /费玉清、阿云嘎 - 新鸳鸯·蝴蝶梦 (Live).flac
2026-05-19T20:34:50 update: added /贺一航 - 原来占据你内心的人不是我.flac
2026-05-19T20:34:50 update: added /贺一航 - 请先说你好.flac
2026-05-19T20:34:50 update: added /赵方婧 - 尽头.flac
2026-05-19T20:34:50 update: added /赵晨唏 - 现在我很幸福.flac
2026-05-19T20:34:50 update: added /赵雷 - 成都.flac
2026-05-19T20:34:50 update: added /车继铃 - 最远的你是我最近的爱.mp3
2026-05-19T20:34:50 update: added /逃跑计划 - 夜空中最亮的星.flac
2026-05-19T20:34:50 update: added /那英 - 有个爱你的人不容易.flac
2026-05-19T20:34:50 update: added /那英、肖战 - 恼人的秋风 (Live).flac
2026-05-19T20:34:50 update: added /那英、肖战 - 被风吹过的夏天 (Live).flac
2026-05-19T20:34:50 update: added /邰正宵 - 情人之间的情人.flac
2026-05-19T20:34:50 update: added /邱永传 - 十一年.mp3
2026-05-19T20:34:50 update: added /郑亦辰 - 不舍.flac
2026-05-19T20:34:50 update: added /郑亦辰 - 错的时间遇见对的你.flac
2026-05-19T20:34:50 update: added /郑欣宜 - 上心.flac
2026-05-19T20:34:50 update: added /郭聪明 - 你会遇见更好的人.flac
2026-05-19T20:34:50 update: added /银临、Aki阿杰 - 牵丝戏.flac
2026-05-19T20:34:50 update: added /门丽 - 死心塌地去爱你.flac
2026-05-19T20:34:50 update: added /门小强 - 没有喝够 (DJ何鹏版).flac
2026-05-19T20:34:50 update: added /阿冗 - 你的答案.flac
2026-05-19T20:34:50 update: added /阿悠悠 - 一生与你擦肩而过.flac
2026-05-19T20:34:50 update: added /阿悠悠 - 你若三冬.flac
2026-05-19T20:34:50 update: added /阿悠悠 - 念旧.flac
2026-05-19T20:34:50 update: added /阿悠悠 - 责无旁贷.flac
2026-05-19T20:34:50 update: added /阿杜 - 撕夜.flac
2026-05-19T20:34:50 update: added /阿肆 - 喜欢.flac
2026-05-19T20:34:50 update: added /阿里郎 - 隔壁泰山.flac
2026-05-19T20:34:50 update: added /陈一彤 - 处处吻 (女生版).flac
2026-05-19T20:34:50 update: added /陈佳 - 欠爱.flac
2026-05-19T20:34:50 update: added /陈冠蒲 - 太多.flac
2026-05-19T20:34:50 update: added /陈势安 - 天后.flac
2026-05-19T20:34:50 update: added /陈奕迅 - 十年.flac
2026-05-19T20:34:50 update: added /陈奕迅 - 单车.flac
2026-05-19T20:34:50 update: added /陈柏宇 - 你瞒我瞒.flac
2026-05-19T20:34:50 update: added /陈柯右（小右） - 你是我的女朋友.mp3
2026-05-19T20:34:50 update: added /陈柯宇 - 生僻字.flac
2026-05-19T20:34:50 update: added /陈泫孝(大泫) - 静悄悄.flac
2026-05-19T20:34:50 update: added /陈淑桦 - 梦醒时分.flac
2026-05-19T20:34:50 update: added /陈雅森 - 我的快乐就是想你.flac
2026-05-19T20:34:50 update: added /陈雪凝 - 你的酒馆对我打了烊.flac
2026-05-19T20:34:50 update: added /陈雪凝 - 绿色.flac
2026-05-19T20:34:50 update: added /降央卓玛 - 爱江山更爱美人.flac
2026-05-19T20:34:50 update: added /陶喆 - 就是爱你.flac
2026-05-19T20:34:50 update: added /陶钰玉 - 你会爱我到什么时候.flac
2026-05-19T20:34:50 update: added /隔壁老樊 - 多想在平庸的生活拥抱你 (Live).flac
2026-05-19T20:34:50 update: added /隔壁老樊 - 红色高跟鞋.flac
2026-05-19T20:34:50 update: added /隔壁老樊 - 这一生关于你的风景 (DJ豪大大版).mp3
2026-05-19T20:34:50 update: added /雪十郎 - 谁 (DJ何鹏版).flac
2026-05-19T20:34:50 update: added /雷雨心、RAiNBOW计划 - 记念.flac
2026-05-19T20:34:50 update: added /霈丹(浪哥) - 逃爱.flac
2026-05-19T20:34:50 update: added /鞠婧祎 - 叹云兮.flac
2026-05-19T20:34:50 update: added /鞠文娴 - BINGBIAN病变 (女声版).flac
2026-05-19T20:34:50 update: added /韦礼安 - 女孩.flac
2026-05-19T20:34:50 update: added /韦礼安 - 慢慢等.flac
2026-05-19T20:34:50 update: added /韩小欠 - 用心爱你你不懂.flac
2026-05-19T20:34:50 update: added /韩红、林俊杰 - 飞云之下.flac
2026-05-19T20:34:50 update: added /音阙诗听 - 红昭愿.flac
2026-05-19T20:34:50 update: added /音阙诗听、王梓钰 - 大雪.flac
2026-05-19T20:34:50 update: added /顾小洁 - 醉千年.flac
2026-05-19T20:34:50 update: added /马健涛 - 忘情牛肉面.flac
2026-05-19T20:34:50 update: added /马良、孙茜茹 - 往后余生.flac
2026-05-19T20:34:50 update: added /高安、黑鸭子 - 红尘情歌.flac
2026-05-19T20:34:50 update: added /高进 - 别想她.flac
2026-05-19T20:34:50 update: added /魏佳艺 - 孟婆的碗.flac
2026-05-19T20:34:50 update: added /魏新雨 - 余情未了.flac
2026-05-19T20:34:50 update: added /魏新雨 - 情花几时开.flac
2026-05-19T20:34:50 update: added /魏新雨 - 百花香.flac
2026-05-19T20:34:50 update: added /鹿先森乐队 - 春风十里.flac
2026-05-19T20:34:50 update: added /麦小兜 - 9420.flac
2026-05-19T20:34:50 update: added /麦小兜 - 下山.flac
2026-05-19T20:34:50 update: added /黄义达 - 那女孩对我说.flac
2026-05-19T20:34:50 update: added /黄诗扶 - 九万字.flac
2026-05-19T20:34:50 update: added /黄霄雲 - 左手指月 (纯享版).flac
2026-05-19T20:34:50 update: added /黑雄 - 习惯失眠.flac
2026-05-19T20:34:50 update: added /黑龙 - 38度6.flac
2026-05-19T20:34:50 update: added /黑龙 - 感谢.flac
2026-05-19T20:34:50 update: added /黑龙 - 盗心贼.flac
2026-05-19T20:34:50 update: added /齐晨 - 咱们结婚吧.flac
2026-05-19T20:34:50 update: added /龙梅子、老猫 - 都说.flac
2026-05-19T20:34:50 update: added /龙翼、刘晓龙 - 多想抱抱你.flac
2026-05-19T20:42:24 exception: Failed to open /home/eshion/.config/mpd/playlists: No such file or directory
2026-05-19T20:43:18 exception: Failed to open /home/eshion/.config/mpd/playlists: No such file or directory
2026-05-19T20:43:20 exception: Failed to open /home/eshion/.config/mpd/playlists: No such file or directory
2026-05-19T20:43:22 exception: Failed to open /home/eshion/.config/mpd/playlists: No such file or directory
2026-05-19T20:43:56 player: played "80/爱，很简单 - 陶喆.flac"
2026-05-19T20:48:38 flac: FLAC__STREAM_DECODER_ERROR_STATUS_LOST_SYNC
2026-05-19T20:49:16 player: played "80/听海 - 张惠妹.flac"
2026-05-19T20:52:45 flac: FLAC__STREAM_DECODER_ERROR_STATUS_LOST_SYNC
2026-05-19T20:53:28 player: played "80/盛夏的果实 - 莫文蔚.flac"
2026-05-19T20:56:33 flac: FLAC__STREAM_DECODER_ERROR_STATUS_LOST_SYNC
2026-05-19T20:59:29 exception: Failed to open /home/eshion/.config/mpd/playlists: No such file or directory
2026-05-19T20:59:29 exception: Failed to open /home/eshion/.config/mpd/playlists: No such file or directory
2026-05-19T20:59:29 exception: Failed to open /home/eshion/.config/mpd/playlists: No such file or directory
2026-05-19T20:59:30 exception: Failed to open /home/eshion/.config/mpd/playlists: No such file or directory
2026-05-19T20:59:30 exception: Failed to open /home/eshion/.config/mpd/playlists: No such file or directory
2026-05-19T21:00:16 flac: FLAC__STREAM_DECODER_ERROR_STATUS_LOST_SYNC
2026-05-19T21:00:55 player: played "80/莫文蔚 - 电台情歌.flac"
2026-05-19T21:04:51 flac: FLAC__STREAM_DECODER_ERROR_STATUS_LOST_SYNC
2026-05-19T21:05:31 player: played "80/莫文蔚 - 电台情歌.flac"
2026-05-19T21:09:19 flac: FLAC__STREAM_DECODER_ERROR_STATUS_LOST_SYNC
2026-05-19T21:10:06 player: played "80/至少还有你 - 林忆莲.flac"
2026-05-19T21:14:15 flac: FLAC__STREAM_DECODER_ERROR_STATUS_LOST_SYNC
2026-05-19T21:14:55 player: played "80/囚鸟 - 彭羚.flac"
2026-05-19T21:18:53 flac: FLAC__STREAM_DECODER_ERROR_STATUS_LOST_SYNC
2026-05-19T21:19:32 player: played "80/独角戏 - 许茹芸.flac"
2026-05-19T21:24:43 flac: FLAC__STREAM_DECODER_ERROR_STATUS_LOST_SYNC
2026-05-19T21:25:25 player: played "80/为爱痴狂 - 刘若英.flac"
2026-05-19T21:29:23 flac: FLAC__STREAM_DECODER_ERROR_STATUS_LOST_SYNC
2026-05-19T21:30:03 player: played "80/轻轻的告诉你 - 杨钰莹.flac"
2026-05-19T21:34:21 flac: FLAC__STREAM_DECODER_ERROR_STATUS_LOST_SYNC
2026-05-19T21:35:06 player: played "80/阳光总在风雨后 - 许美静.flac"
2026-05-19T21:38:43 flac: FLAC__STREAM_DECODER_ERROR_STATUS_LOST_SYNC
2026-05-19T21:39:25 player: played "80/约定 - 周蕙.flac"
2026-05-19T21:44:26 flac: FLAC__STREAM_DECODER_ERROR_STATUS_LOST_SYNC
2026-05-19T21:45:05 player: played "80/你的柔情我永远不懂 - 陈琳.flac"
2026-05-19T22:00:03 flac: FLAC__STREAM_DECODER_ERROR_STATUS_LOST_SYNC
2026-05-19T22:00:48 player: played "80/至少还有你 - 林忆莲.flac"
2026-05-19T22:04:46 flac: FLAC__STREAM_DECODER_ERROR_STATUS_LOST_SYNC
2026-05-19T22:05:26 player: played "80/轻轻的告诉你 - 杨钰莹.flac"
2026-05-19T22:10:27 flac: FLAC__STREAM_DECODER_ERROR_STATUS_LOST_SYNC
2026-05-19T22:11:06 player: played "80/你的柔情我永远不懂 - 陈琳.flac"
2026-05-19T22:14:43 flac: FLAC__STREAM_DECODER_ERROR_STATUS_LOST_SYNC
2026-05-19T22:15:25 player: played "80/约定 - 周蕙.flac"
2026-05-19T22:18:52 flac: FLAC__STREAM_DECODER_ERROR_STATUS_LOST_SYNC
2026-05-19T22:19:36 player: played "80/盛夏的果实 - 莫文蔚.flac"
2026-05-19T22:23:04 flac: FLAC__STREAM_DECODER_ERROR_STATUS_LOST_SYNC
2026-05-19T22:23:45 player: played "80/莫文蔚 - 电台情歌.flac"
2026-05-19T22:27:43 flac: FLAC__STREAM_DECODER_ERROR_STATUS_LOST_SYNC
2026-05-19T22:28:22 player: played "80/独角戏 - 许茹芸.flac"
2026-05-19T22:33:33 flac: FLAC__STREAM_DECODER_ERROR_STATUS_LOST_SYNC
2026-05-19T22:34:15 player: played "80/为爱痴狂 - 刘若英.flac"
2026-05-19T22:38:22 flac: FLAC__STREAM_DECODER_ERROR_STATUS_LOST_SYNC
2026-05-19T22:39:03 player: played "80/囚鸟 - 彭羚.flac"
2026-05-19T22:43:44 flac: FLAC__STREAM_DECODER_ERROR_STATUS_LOST_SYNC
2026-05-19T22:44:22 player: played "80/听海 - 张惠妹.flac"
2026-05-19T22:47:28 flac: FLAC__STREAM_DECODER_ERROR_STATUS_LOST_SYNC
2026-05-19T22:48:13 player: played "80/雨蝶 - 李翊君.flac"
2026-05-19T22:51:50 flac: FLAC__STREAM_DECODER_ERROR_STATUS_LOST_SYNC
2026-05-19T22:52:36 player: played "80/风中有朵雨做的云 - 孟庭苇.flac"
2026-05-19T22:56:54 flac: FLAC__STREAM_DECODER_ERROR_STATUS_LOST_SYNC
2026-05-19T22:57:39 player: played "80/阳光总在风雨后 - 许美静.flac"
2026-05-20T22:04:53 mixer: Failed to read mixer for "default detected output": no such mixer control: PCM
2026-05-20T22:04:57 output: Failed to open mixer for "default detected output": no such mixer control: PCM
2026-05-20T22:09:20 player: played "80/听海 - 张惠妹.flac"
2026-05-20T22:09:21 output: Failed to open mixer for "ALSA sound card": no such mixer control: PCM
2026-05-20T22:09:32 flac: FLAC__STREAM_DECODER_ERROR_STATUS_LOST_SYNC
2026-05-20T22:23:57 player: played "80/莫文蔚 - 电台情歌.flac"
2026-05-20T22:27:21 flac: FLAC__STREAM_DECODER_ERROR_STATUS_LOST_SYNC
2026-05-20T22:28:07 player: played "80/莫文蔚 - 电台情歌.flac"
2026-05-20T22:28:16 exception: Failed to open /home/eshion/.config/mpd/playlists: No such file or directory
2026-05-20T22:28:16 exception: Failed to open /home/eshion/.config/mpd/playlists: No such file or directory
2026-05-20T22:28:18 exception: Failed to open audio output
2026-05-20T22:29:19 exception: Failed to open audio output
2026-05-20T22:29:23 exception: All audio outputs are disabled
2026-05-20T22:29:24 exception: All audio outputs are disabled
2026-05-20T22:29:24 exception: All audio outputs are disabled
2026-05-20T22:29:29 exception: All audio outputs are disabled
2026-05-20T22:29:33 exception: Failed to open /home/eshion/.config/mpd/playlists: No such file or directory
2026-05-20T22:29:33 exception: Failed to open /home/eshion/.config/mpd/playlists: No such file or directory
2026-05-20T22:29:33 exception: Failed to open /home/eshion/.config/mpd/playlists: No such file or directory
2026-05-20T22:29:34 exception: Failed to open /home/eshion/.config/mpd/playlists: No such file or directory
2026-05-20T22:29:34 exception: Failed to open /home/eshion/.config/mpd/playlists: No such file or directory
2026-05-20T22:29:34 exception: Failed to open /home/eshion/.config/mpd/playlists: No such file or directory
2026-05-20T22:29:36 exception: Failed to open /home/eshion/.config/mpd/playlists: No such file or directory
2026-05-20T22:29:43 exception: All audio outputs are disabled
2026-05-20T22:29:45 exception: All audio outputs are disabled
2026-05-20T22:29:45 exception: All audio outputs are disabled
2026-05-20T22:29:45 exception: All audio outputs are disabled
2026-05-20T22:29:50 exception: All audio outputs are disabled
2026-05-20T22:29:51 exception: All audio outputs are disabled
2026-05-20T22:29:51 exception: All audio outputs are disabled
2026-05-20T22:29:52 exception: All audio outputs are disabled
2026-05-20T22:29:52 exception: All audio outputs are disabled
2026-05-20T22:29:53 exception: All audio outputs are disabled
2026-05-20T22:29:54 exception: All audio outputs are disabled
2026-05-20T22:29:54 exception: All audio outputs are disabled
2026-05-20T22:29:55 exception: All audio outputs are disabled
2026-05-20T22:29:55 exception: All audio outputs are disabled
2026-05-20T22:29:56 exception: All audio outputs are disabled
2026-05-20T22:29:56 exception: All audio outputs are disabled
2026-05-20T22:30:04 exception: All audio outputs are disabled
2026-05-20T22:34:01 flac: FLAC__STREAM_DECODER_ERROR_STATUS_LOST_SYNC
2026-05-20T22:34:46 player: played "80/独角戏 - 许茹芸.flac"
2026-05-21T00:47:05 player: played "80/风中有朵雨做的云 - 孟庭苇.flac"
2026-05-23T09:21:31 exception: Failed to open /home/eshion/.config/mpd/playlists: Not a directory
2026-05-23T09:21:31 exception: Failed to open /home/eshion/.config/mpd/playlists: Not a directory
2026-05-23T09:21:44 exception: Failed to open /home/eshion/.config/mpd/playlists: Not a directory
2026-05-23T09:21:45 exception: Failed to open /home/eshion/.config/mpd/playlists: Not a directory
2026-05-23T09:25:03 flac: FLAC__STREAM_DECODER_ERROR_STATUS_LOST_SYNC
2026-05-23T09:25:46 player: played "80/听海 - 张惠妹.flac"
2026-05-23T09:30:53 flac: FLAC__STREAM_DECODER_ERROR_STATUS_LOST_SYNC
2026-05-23T09:31:39 player: played "80/为爱痴狂 - 刘若英.flac"
2026-05-23T09:35:42 flac: FLAC__STREAM_DECODER_ERROR_STATUS_LOST_SYNC
2026-05-23T09:36:28 player: played "80/囚鸟 - 彭羚.flac"
2026-05-23T09:38:45 player: played "80/阳光总在风雨后 - 许美静.flac"
2026-05-23T17:30:12 flac: FLAC__STREAM_DECODER_ERROR_STATUS_LOST_SYNC
2026-05-23T17:30:52 player: played "80/风中有朵雨做的云 - 孟庭苇.flac"
2026-05-23T17:34:02 flac: FLAC__STREAM_DECODER_ERROR_STATUS_LOST_SYNC
2026-05-23T17:34:43 player: played "80/雨蝶 - 李翊君.flac"
2026-05-23T17:36:08 player: played "80/莫文蔚 - 电台情歌.flac"
2026-05-23T17:40:44 flac: FLAC__STREAM_DECODER_ERROR_STATUS_LOST_SYNC
2026-05-23T17:41:31 player: played "80/莫文蔚 - 电台情歌.flac"
2026-05-23T17:45:23 flac: FLAC__STREAM_DECODER_ERROR_STATUS_LOST_SYNC
2026-05-23T17:46:09 player: played "80/轻轻的告诉你 - 杨钰莹.flac"
2026-05-23T17:49:40 flac: FLAC__STREAM_DECODER_ERROR_STATUS_LOST_SYNC
2026-05-23T17:50:20 player: played "80/盛夏的果实 - 莫文蔚.flac"
2026-05-23T17:55:16 flac: FLAC__STREAM_DECODER_ERROR_STATUS_LOST_SYNC
2026-05-23T17:56:00 player: played "80/你的柔情我永远不懂 - 陈琳.flac"
2026-05-23T18:00:24 flac: FLAC__STREAM_DECODER_ERROR_STATUS_LOST_SYNC
2026-05-23T18:01:03 player: played "80/阳光总在风雨后 - 许美静.flac"
2026-05-23T18:01:50 player: played "80/听海 - 张惠妹.flac"
2026-05-23T20:03:16 flac: FLAC__STREAM_DECODER_ERROR_STATUS_LOST_SYNC
2026-05-23T20:03:54 player: played "80/听海 - 张惠妹.flac"
2026-05-23T20:08:02 flac: FLAC__STREAM_DECODER_ERROR_STATUS_LOST_SYNC
2026-05-23T20:08:49 player: played "80/囚鸟 - 彭羚.flac"
2026-05-23T20:11:49 player: played "80/莫文蔚 - 电台情歌.flac"
2026-05-23T20:15:12 flac: FLAC__STREAM_DECODER_ERROR_STATUS_LOST_SYNC
2026-05-23T20:15:57 player: played "80/莫文蔚 - 电台情歌.flac"
2026-05-23T20:20:32 flac: FLAC__STREAM_DECODER_ERROR_STATUS_LOST_SYNC
2026-05-23T20:21:16 player: played "80/听海 - 张惠妹.flac"
2026-05-23T20:23:33 player: played "80/为爱痴狂 - 刘若英.flac"
2026-05-23T20:27:41 player: played "80/为爱痴狂 - 刘若英.flac"
2026-05-23T20:29:39 flac: FLAC__STREAM_DECODER_ERROR_STATUS_LOST_SYNC
2026-05-23T20:30:19 player: played "80/为爱痴狂 - 刘若英.flac"
2026-05-23T20:34:01 flac: FLAC__STREAM_DECODER_ERROR_STATUS_LOST_SYNC
2026-05-23T20:34:42 player: played "80/风中有朵雨做的云 - 孟庭苇.flac"
2026-05-23T20:38:35 flac: FLAC__STREAM_DECODER_ERROR_STATUS_LOST_SYNC
2026-05-23T20:39:20 player: played "80/轻轻的告诉你 - 杨钰莹.flac"
2026-05-23T20:42:51 flac: FLAC__STREAM_DECODER_ERROR_STATUS_LOST_SYNC
2026-05-23T20:43:31 player: played "80/盛夏的果实 - 莫文蔚.flac"
2026-05-23T20:48:27 flac: FLAC__STREAM_DECODER_ERROR_STATUS_LOST_SYNC
2026-05-23T20:49:11 player: played "80/你的柔情我永远不懂 - 陈琳.flac"
2026-05-23T20:53:14 flac: FLAC__STREAM_DECODER_ERROR_STATUS_LOST_SYNC
2026-05-23T20:53:59 player: played "80/囚鸟 - 彭羚.flac"
2026-05-23T20:58:24 flac: FLAC__STREAM_DECODER_ERROR_STATUS_LOST_SYNC
2026-05-23T20:59:02 player: played "80/阳光总在风雨后 - 许美静.flac"
2026-05-23T21:02:55 flac: FLAC__STREAM_DECODER_ERROR_STATUS_LOST_SYNC
2026-05-23T21:03:37 player: played "80/至少还有你 - 林忆莲.flac"
2026-05-23T21:07:29 flac: FLAC__STREAM_DECODER_ERROR_STATUS_LOST_SYNC
2026-05-23T21:08:15 player: played "80/独角戏 - 许茹芸.flac"
2026-05-23T21:11:24 flac: FLAC__STREAM_DECODER_ERROR_STATUS_LOST_SYNC
2026-05-23T21:12:05 player: played "80/雨蝶 - 李翊君.flac"
2026-05-23T21:15:36 flac: FLAC__STREAM_DECODER_ERROR_STATUS_LOST_SYNC
2026-05-23T21:16:14 player: played "80/莫文蔚 - 电台情歌.flac"
2026-05-23T21:19:56 flac: FLAC__STREAM_DECODER_ERROR_STATUS_LOST_SYNC
2026-05-23T21:20:33 player: played "80/约定 - 周蕙.flac"
2026-05-23T21:25:09 flac: FLAC__STREAM_DECODER_ERROR_STATUS_LOST_SYNC
2026-05-23T21:25:52 player: played "80/听海 - 张惠妹.flac"
2026-05-23T21:49:57 player: played "80/为爱痴狂 - 刘若英.flac"
